<html>
<body>
<pre>
<h1>µVision Build Log</h1>
<h2>Project:</h2>
C:\Users\Administrator\Desktop\github\Lwip1.4.1+efls ByWang\SDK\lwip_gnu.uvproj
Project File Date:  07/11/2016

<h2>Output:</h2>
Build target 'pid'
linking...
Program Size: Code=9804 RO-data=368 RW-data=156 ZI-data=11860  
FromELF: creating hex file...
".\obj\lwip_gnu.axf" - 0 Error(s), 0 Warning(s).
Build target 'pid'
linking...
Program Size: Code=9804 RO-data=368 RW-data=156 ZI-data=11860  
FromELF: creating hex file...
".\obj\lwip_gnu.axf" - 0 Error(s), 0 Warning(s).
Build target 'pid'
linking...
Program Size: Code=9804 RO-data=368 RW-data=156 ZI-data=11860  
FromELF: creating hex file...
".\obj\lwip_gnu.axf" - 0 Error(s), 0 Warning(s).
Build target 'pid'
linking...
Program Size: Code=9804 RO-data=368 RW-data=156 ZI-data=11860  
FromELF: creating hex file...
".\obj\lwip_gnu.axf" - 0 Error(s), 0 Warning(s).
Build target 'pid'
compiling DS18B20SROM.c...
..\myself\src\DS18B20SROM.c(561): warning:  #223-D: function "FS_Writehtml" declared implicitly
..\myself\src\DS18B20SROM.c:    FS_Writehtml((char*)temp,33);
..\myself\src\DS18B20SROM.c:    ^
..\myself\src\DS18B20SROM.c: ..\myself\src\DS18B20SROM.c: 1 warning, 0 errors
linking...
Program Size: Code=10348 RO-data=368 RW-data=156 ZI-data=11860  
FromELF: creating hex file...
".\obj\lwip_gnu.axf" - 0 Error(s), 1 Warning(s).
Build target 'pid'
linking...
Program Size: Code=10348 RO-data=368 RW-data=156 ZI-data=11860  
FromELF: creating hex file...
".\obj\lwip_gnu.axf" - 0 Error(s), 0 Warning(s).
Build target 'pid'
linking...
Program Size: Code=10348 RO-data=368 RW-data=156 ZI-data=11860  
FromELF: creating hex file...
".\obj\lwip_gnu.axf" - 0 Error(s), 0 Warning(s).
Build target 'pid'
compiling DS18B20SROM.c...
..\myself\src\DS18B20SROM.c(561): warning:  #223-D: function "FS_Writehtml" declared implicitly
..\myself\src\DS18B20SROM.c:    FS_Writehtml((char*)temp,33);
..\myself\src\DS18B20SROM.c:    ^
..\myself\src\DS18B20SROM.c: ..\myself\src\DS18B20SROM.c: 1 warning, 0 errors
linking...
Program Size: Code=10424 RO-data=368 RW-data=156 ZI-data=11860  
FromELF: creating hex file...
".\obj\lwip_gnu.axf" - 0 Error(s), 1 Warning(s).
Build target 'pid'
linking...
Program Size: Code=10424 RO-data=368 RW-data=156 ZI-data=11860  
FromELF: creating hex file...
".\obj\lwip_gnu.axf" - 0 Error(s), 0 Warning(s).
Build target 'pid'
linking...
Program Size: Code=10424 RO-data=368 RW-data=156 ZI-data=11860  
FromELF: creating hex file...
".\obj\lwip_gnu.axf" - 0 Error(s), 0 Warning(s).
Build target 'pid'
linking...
Program Size: Code=10424 RO-data=368 RW-data=156 ZI-data=11860  
FromELF: creating hex file...
".\obj\lwip_gnu.axf" - 0 Error(s), 0 Warning(s).
