ARM Linker, RVCT4.0 [Build 728] [Standard]

==============================================================================

Section Cross References

    netconf.o(i.LwIP_Init) refers to mem.o(i.mem_init) for mem_init
    netconf.o(i.LwIP_Init) refers to memp.o(i.memp_init) for memp_init
    netconf.o(i.LwIP_Init) refers to ethernetif.o(i.Set_MAC_Address) for Set_MAC_Address
    netconf.o(i.LwIP_Init) refers to netif.o(i.netif_add) for netif_add
    netconf.o(i.LwIP_Init) refers to netif.o(i.netif_set_default) for netif_set_default
    netconf.o(i.LwIP_Init) refers to dhcp.o(i.dhcp_start) for dhcp_start
    netconf.o(i.LwIP_Init) refers to netif.o(i.netif_set_up) for netif_set_up
    netconf.o(i.LwIP_Init) refers to netconf.o(.data) for macaddress
    netconf.o(i.LwIP_Init) refers to etharp.o(i.ethernet_input) for ethernet_input
    netconf.o(i.LwIP_Init) refers to ethernetif.o(i.ethernetif_init) for ethernetif_init
    netconf.o(i.LwIP_Init) refers to netconf.o(.bss) for netif
    netconf.o(i.LwIP_Periodic_Handle) refers to ethernetif.o(i.ETH_Recive_Poll) for ETH_Recive_Poll
    netconf.o(i.LwIP_Periodic_Handle) refers to tcp.o(i.tcp_tmr) for tcp_tmr
    netconf.o(i.LwIP_Periodic_Handle) refers to tftpserver.o(i.TftpTrm250ms) for TftpTrm250ms
    netconf.o(i.LwIP_Periodic_Handle) refers to etharp.o(i.etharp_tmr) for etharp_tmr
    netconf.o(i.LwIP_Periodic_Handle) refers to dhcp.o(i.dhcp_fine_tmr) for dhcp_fine_tmr
    netconf.o(i.LwIP_Periodic_Handle) refers to dhcp.o(i.dhcp_coarse_tmr) for dhcp_coarse_tmr
    netconf.o(i.LwIP_Periodic_Handle) refers to netconf.o(.data) for TCPTimer
    netconf.o(i.LwIP_Pkt_Handle) refers to ethernetif.o(i.ethernetif_input) for ethernetif_input
    netconf.o(i.LwIP_Pkt_Handle) refers to netconf.o(.bss) for netif
    stm32f10x_it.o(i.ETH_IRQHandler) refers to ethernetif.o(i.Read_Eth_Packet) for Read_Eth_Packet
    stm32f10x_it.o(i.ETH_IRQHandler) refers to stm32_eth.o(i.ETH_GetRxPktSize) for ETH_GetRxPktSize
    stm32f10x_it.o(i.ETH_IRQHandler) refers to stm32_eth.o(i.ETH_DMAClearITPendingBit) for ETH_DMAClearITPendingBit
    stm32f10x_it.o(i.HardFault_Handler) refers to stm32f10x_it.o(.emb_text) for wait
    stm32f10x_it.o(i.SysTick_Handler) refers to main.o(i.Time_Update) for Time_Update
    stm32f107.o(i.ADC_Configuration) refers to stm32f10x_adc.o(i.ADC_Init) for ADC_Init
    stm32f107.o(i.ADC_Configuration) refers to stm32f10x_adc.o(i.ADC_RegularChannelConfig) for ADC_RegularChannelConfig
    stm32f107.o(i.ADC_Configuration) refers to stm32f10x_adc.o(i.ADC_Cmd) for ADC_Cmd
    stm32f107.o(i.ADC_Configuration) refers to stm32f10x_adc.o(i.ADC_SoftwareStartConvCmd) for ADC_SoftwareStartConvCmd
    stm32f107.o(i.Ethernet_Configuration) refers to stm32f10x_gpio.o(i.GPIO_ETH_MediaInterfaceConfig) for GPIO_ETH_MediaInterfaceConfig
    stm32f107.o(i.Ethernet_Configuration) refers to stm32f10x_rcc.o(i.RCC_MCOConfig) for RCC_MCOConfig
    stm32f107.o(i.Ethernet_Configuration) refers to stm32_eth.o(i.ETH_DeInit) for ETH_DeInit
    stm32f107.o(i.Ethernet_Configuration) refers to stm32_eth.o(i.ETH_SoftwareReset) for ETH_SoftwareReset
    stm32f107.o(i.Ethernet_Configuration) refers to stm32_eth.o(i.ETH_GetSoftwareResetStatus) for ETH_GetSoftwareResetStatus
    stm32f107.o(i.Ethernet_Configuration) refers to stm32_eth.o(i.ETH_StructInit) for ETH_StructInit
    stm32f107.o(i.Ethernet_Configuration) refers to stm32_eth.o(i.ETH_Init) for ETH_Init
    stm32f107.o(i.Ethernet_Configuration) refers to stm32_eth.o(i.ETH_DMAITConfig) for ETH_DMAITConfig
    stm32f107.o(i.GPIO_Configuration) refers to stm32f10x_gpio.o(i.GPIO_Init) for GPIO_Init
    stm32f107.o(i.GPIO_Configuration) refers to stm32f10x_gpio.o(i.GPIO_PinRemapConfig) for GPIO_PinRemapConfig
    stm32f107.o(i.NVIC_Configuration) refers to misc.o(i.NVIC_SetVectorTable) for NVIC_SetVectorTable
    stm32f107.o(i.NVIC_Configuration) refers to misc.o(i.NVIC_PriorityGroupConfig) for NVIC_PriorityGroupConfig
    stm32f107.o(i.System_Setup) refers to system_stm32f10x.o(i.SystemInit) for SystemInit
    stm32f107.o(i.System_Setup) refers to stm32f10x_rcc.o(i.RCC_APB2PeriphClockCmd) for RCC_APB2PeriphClockCmd
    stm32f107.o(i.System_Setup) refers to stm32f107.o(i.NVIC_Configuration) for NVIC_Configuration
    stm32f107.o(i.System_Setup) refers to stm32f10x_rcc.o(i.RCC_GetClocksFreq) for RCC_GetClocksFreq
    stm32f107.o(i.System_Setup) refers to stm32f107.o(i.NVIC_SetPriority) for NVIC_SetPriority
    client_tcpudp.o(i.SendDataToSever) refers to tcp_out.o(i.tcp_write) for tcp_write
    client_tcpudp.o(i.SendDataToSever) refers to tcp_out.o(i.tcp_output) for tcp_output
    client_tcpudp.o(i.SendDataToSever) refers to client_tcpudp.o(.data) for Tcplink
    client_tcpudp.o(i.SendDataToSever) refers to client_tcpudp.o(.bss) for Mb2TcpBuff
    client_tcpudp.o(i.TcpTestThread) refers to filesystem.o(i.FS_Write) for FS_Write
    client_tcpudp.o(i.TcpTestThread) refers to client_tcpudp.o(i.tcp_client_callback) for tcp_client_callback
[...]
    Removing file.o(i.file_fread), (282 bytes).
    Removing file.o(i.file_fwrite), (352 bytes).
    Removing file.o(i.file_getAttr), (14 bytes).
    Removing file.o(i.file_initFile), (50 bytes).
    Removing file.o(i.file_normalToFatName), (150 bytes).
    Removing file.o(i.file_read), (36 bytes).
    Removing file.o(i.file_requiredCluster), (110 bytes).
    Removing file.o(i.file_setAttr), (36 bytes).
    Removing file.o(i.file_setpos), (20 bytes).
    Removing file.o(i.file_validateChar), (68 bytes).
    Removing file.o(i.file_write), (36 bytes).
    Removing fs.o(i.fs_clearCluster), (70 bytes).
    Removing fs.o(i.fs_clusterToSector), (56 bytes).
    Removing fs.o(i.fs_countDataSectors), (88 bytes).
    Removing fs.o(i.fs_determineFatType), (52 bytes).
    Removing fs.o(i.fs_findFile), (208 bytes).
    Removing fs.o(i.fs_findFirstSectorRootDir), (46 bytes).
    Removing fs.o(i.fs_findFreeFile), (112 bytes).
    Removing fs.o(i.fs_flushFs), (16 bytes).
    Removing fs.o(i.fs_getFirstClusterRootDir), (18 bytes).
    Removing fs.o(i.fs_getFsInfo), (136 bytes).
    Removing fs.o(i.fs_getLastCluster), (60 bytes).
    Removing fs.o(i.fs_getNextFreeCluster), (38 bytes).
    Removing fs.o(i.fs_giveFreeClusterHint), (6 bytes).
    Removing fs.o(i.fs_initClusterChain), (16 bytes).
    Removing fs.o(i.fs_initCurrentDir), (14 bytes).
    Removing fs.o(i.fs_initFs), (72 bytes).
    Removing fs.o(i.fs_isValidFat), (50 bytes).
    Removing fs.o(i.fs_loadVolumeId), (116 bytes).
    Removing fs.o(i.fs_sectorToCluster), (72 bytes).
    Removing fs.o(i.fs_setFirstClusterInDirEntry), (8 bytes).
    Removing fs.o(i.fs_setFsInfo), (124 bytes).
    Removing fs.o(i.fs_umount), (12 bytes).
    Removing fs.o(i.fs_verifySanity), (178 bytes).
    Removing ioman.o(i.ioman_decRefCnt), (40 bytes).
    Removing ioman.o(i.ioman_decUseCnt), (40 bytes).
    Removing ioman.o(i.ioman_directSectorRead), (134 bytes).
    Removing ioman.o(i.ioman_directSectorWrite), (168 bytes).
    Removing ioman.o(i.ioman_findFreeSpot), (40 bytes).
    Removing ioman.o(i.ioman_findOverallocableSpot), (116 bytes).
    Removing ioman.o(i.ioman_findSectorInCache), (54 bytes).
    Removing ioman.o(i.ioman_findUnusedSpot), (146 bytes).
    Removing ioman.o(i.ioman_flushAll), (70 bytes).
    Removing ioman.o(i.ioman_flushRange), (110 bytes).
    Removing ioman.o(i.ioman_flushSector), (96 bytes).
    Removing ioman.o(i.ioman_getAttr), (32 bytes).
    Removing ioman.o(i.ioman_getBp), (46 bytes).
    Removing ioman.o(i.ioman_getBuffer), (8 bytes).
    Removing ioman.o(i.ioman_getPtr), (24 bytes).
    Removing ioman.o(i.ioman_getRefCnt), (24 bytes).
    Removing ioman.o(i.ioman_getSector), (324 bytes).
    Removing ioman.o(i.ioman_getUseCnt), (24 bytes).
    Removing ioman.o(i.ioman_incRefCnt), (42 bytes).
    Removing ioman.o(i.ioman_incUseCnt), (42 bytes).
    Removing ioman.o(i.ioman_init), (36 bytes).
    Removing ioman.o(i.ioman_pop), (128 bytes).
    Removing ioman.o(i.ioman_printStatus), (30 bytes).
    Removing ioman.o(i.ioman_push), (120 bytes).
    Removing ioman.o(i.ioman_putSectorInCache), (76 bytes).
    Removing ioman.o(i.ioman_readSector), (46 bytes).
    Removing ioman.o(i.ioman_releaseSector), (90 bytes).
    Removing ioman.o(i.ioman_reset), (122 bytes).
    Removing ioman.o(i.ioman_resetCacheItem), (36 bytes).
    Removing ioman.o(i.ioman_resetRefCnt), (22 bytes).
    Removing ioman.o(i.ioman_resetUseCnt), (22 bytes).
    Removing ioman.o(i.ioman_setAttr), (56 bytes).
    Removing ioman.o(i.ioman_writeSector), (48 bytes).
    Removing ls.o(i.ls_fileEntryToDirListEntry), (60 bytes).
    Removing ls.o(i.ls_getDirEntry), (36 bytes).
    Removing ls.o(i.ls_getNext), (48 bytes).
    Removing ls.o(i.ls_getRealDirEntry), (138 bytes).
    Removing ls.o(i.ls_getRootAreaEntry), (114 bytes).
    Removing ls.o(i.ls_isValidFileEntry), (40 bytes).
    Removing ls.o(i.ls_openDir), (68 bytes).
    Removing mkfs.o(i.mkfs_makevfat), (432 bytes).
    Removing partition.o(i.part_directSectorRead), (36 bytes).
    Removing partition.o(i.part_directSectorWrite), (36 bytes).
    Removing partition.o(i.part_flushPart), (46 bytes).
    Removing partition.o(i.part_getRealLBA), (20 bytes).
    Removing partition.o(i.part_getSect), (36 bytes).
    Removing partition.o(i.part_initPartition), (46 bytes).
    Removing partition.o(i.part_isFatPart), (38 bytes).
    Removing partition.o(i.part_readBuf), (38 bytes).
    Removing partition.o(i.part_relSect), (18 bytes).
    Removing partition.o(i.part_writeBuf), (38 bytes).
    Removing plibc.o(i.memClr), (18 bytes).
    Removing plibc.o(i.memCpy), (24 bytes).
    Removing plibc.o(i.memSet), (16 bytes).
    Removing plibc.o(i.strMatch), (30 bytes).
    Removing time.o(i.fs_hasTimeSupport), (4 bytes).
    Removing time.o(i.fs_makeDate), (4 bytes).
    Removing time.o(i.fs_makeTime), (4 bytes).
    Removing ui.o(i.listFiles), (282 bytes).
    Removing ui.o(i.mkdir), (400 bytes).
    Removing ui.o(i.rmfile), (130 bytes).
    Removing sd.o(i.crc7), (88 bytes).
    Removing sd.o(i.get_spi_BaudRatePrescaler), (6 bytes).
    Removing sd.o(i.sd_Command), (82 bytes).
    Removing sd.o(i.sd_Command_crc), (140 bytes).
    Removing sd.o(i.sd_Init), (632 bytes).
    Removing sd.o(i.sd_Resp16b), (32 bytes).
    Removing sd.o(i.sd_Resp8b), (38 bytes).
    Removing sd.o(i.sd_Resp8bError), (52 bytes).
    Removing sd.o(i.sd_State), (112 bytes).
    Removing sd.o(i.sd_getDriveSize), (368 bytes).
    Removing sd.o(i.sd_readSector), (180 bytes).
    Removing sd.o(i.sd_writeSector), (140 bytes).
    Removing sd.o(i.sdhc_readSector), (52 bytes).
    Removing sd.o(i.sdhc_writeSector), (4 bytes).
    Removing sd.o(.data), (8 bytes).
    Removing sd_stm32.o(i.SPI_Config), (156 bytes).
    Removing sd_stm32.o(i.if_initInterface), (76 bytes).
    Removing sd_stm32.o(i.if_readBuf), (24 bytes).
    Removing sd_stm32.o(i.if_setPos), (6 bytes).
    Removing sd_stm32.o(i.if_spiInit), (44 bytes).
    Removing sd_stm32.o(i.if_spiSend), (84 bytes).
    Removing sd_stm32.o(i.if_writeBuf), (20 bytes).
    Removing sd_stm32.o(i.my_if_spiSend), (44 bytes).
    Removing httpd.o(i.Http_File_System_Init), (48 bytes).
    Removing httpd.o(i.http_accept), (140 bytes).
    Removing httpd.o(i.http_check_eof), (58 bytes).
    Removing httpd.o(i.http_close_conn), (18 bytes).
    Removing httpd.o(i.http_close_or_abort_conn), (104 bytes).
    Removing httpd.o(i.http_eof), (16 bytes).
    Removing httpd.o(i.http_err), (20 bytes).
    Removing httpd.o(i.http_find_file), (228 bytes).
    Removing httpd.o(i.http_get_404_file), (100 bytes).
    Removing httpd.o(i.http_init_file), (140 bytes).
    Removing httpd.o(i.http_parse_request), (372 bytes).
    Removing httpd.o(i.http_poll), (84 bytes).
    Removing httpd.o(i.http_recv), (184 bytes).
    Removing httpd.o(i.http_send), (72 bytes).
    Removing httpd.o(i.http_send_data_nonssi), (106 bytes).
    Removing httpd.o(i.http_sent), (40 bytes).
    Removing httpd.o(i.http_state_alloc), (22 bytes).
    Removing httpd.o(i.http_state_eof), (34 bytes).
    Removing httpd.o(i.http_state_free), (20 bytes).
    Removing httpd.o(i.http_state_init), (14 bytes).
    Removing httpd.o(i.http_write), (244 bytes).
    Removing httpd.o(i.httpd_init), (16 bytes).
    Removing httpd.o(i.httpd_init_addr), (96 bytes).
    Removing httpd.o(i.strnstr), (78 bytes).
    Removing httpd.o(.bss), (1848 bytes).
    Removing httpd.o(.constdata), (40 bytes).
    Removing httpd.o(.conststring), (59 bytes).
    Removing fs_lwip.o(i.fs_bytes_left), (10 bytes).
    Removing fs_lwip.o(i.fs_close), (2 bytes).
    Removing fs_lwip.o(i.fs_open), (68 bytes).
    Removing fs_lwip.o(.constdata), (27300 bytes).
    Removing smtp.o(i.smtp_base64_encode), (244 bytes).
    Removing smtp.o(i.smtp_close), (60 bytes).
    Removing smtp.o(i.smtp_free), (56 bytes).
    Removing smtp.o(i.smtp_is_response), (72 bytes).
    Removing smtp.o(i.smtp_is_response_finished), (96 bytes).
    Removing smtp.o(i.smtp_prepare_auth_login_pass), (100 bytes).
    Removing smtp.o(i.smtp_prepare_auth_login_uname), (100 bytes).
    Removing smtp.o(i.smtp_prepare_auth_or_mail), (188 bytes).
    Removing smtp.o(i.smtp_prepare_header), (196 bytes).
    Removing smtp.o(i.smtp_prepare_helo), (124 bytes).
    Removing smtp.o(i.smtp_prepare_mail), (104 bytes).
    Removing smtp.o(i.smtp_prepare_quit), (52 bytes).
    Removing smtp.o(i.smtp_prepare_rcpt), (100 bytes).
    Removing smtp.o(i.smtp_process), (548 bytes).
    Removing smtp.o(i.smtp_send_body), (136 bytes).
    Removing smtp.o(i.smtp_send_mail), (238 bytes).
    Removing smtp.o(i.smtp_send_mail_alloced), (436 bytes).
    Removing smtp.o(i.smtp_send_mail_int), (82 bytes).
    Removing smtp.o(i.smtp_send_mail_static), (186 bytes).
    Removing smtp.o(i.smtp_set_auth), (136 bytes).
    Removing smtp.o(i.smtp_set_server_addr), (44 bytes).
    Removing smtp.o(i.smtp_set_server_port), (12 bytes).
    Removing smtp.o(i.smtp_tcp_connected), (68 bytes).
    Removing smtp.o(i.smtp_tcp_err), (22 bytes).
    Removing smtp.o(i.smtp_tcp_poll), (36 bytes).
    Removing smtp.o(i.smtp_tcp_recv), (50 bytes).
    Removing smtp.o(i.smtp_tcp_sent), (22 bytes).
    Removing smtp.o(i.smtp_verify), (70 bytes).
    Removing smtp.o(.bss), (364 bytes).
    Removing smtp.o(.constdata), (64 bytes).
    Removing smtp.o(.data), (16 bytes).
    Removing mb_m.o(i.eMBMasterClose), (40 bytes).
    Removing mb_m.o(i.eMBMasterDisable), (48 bytes).
    Removing mb_m.o(i.eMBMasterEnable), (40 bytes).
    Removing mb_m.o(i.eMBMasterInit), (164 bytes).
    Removing mb_m.o(i.eMBMasterPoll), (292 bytes).
    Removing mb_m.o(i.ucMBMasterGetDestAddress), (12 bytes).
    Removing mb_m.o(i.vMBMasterSetCBRunInMasterMode), (12 bytes).
    Removing mb_m.o(i.vMBMasterSetDestAddress), (12 bytes).
    Removing mb_m.o(i.vMBMasterSetIsBusy), (12 bytes).
    Removing mb_m.o(i.xMBMasterGetCBRunInMasterMode), (12 bytes).
    Removing mb_m.o(i.xMBMasterGetIsBusy), (12 bytes).
    Removing mbrtu_m.o(i.eMBMasterRTUInit), (84 bytes).
    Removing mbrtu_m.o(i.eMBMasterRTUReceive), (60 bytes).
    Removing mbrtu_m.o(i.eMBMasterRTUSend), (76 bytes).
    Removing mbrtu_m.o(i.eMBMasterRTUStart), (36 bytes).
    Removing mbrtu_m.o(i.eMBMasterRTUStop), (24 bytes).
    Removing mbrtu_m.o(i.ucMBMasterGetPDUSndLength), (12 bytes).
    Removing mbrtu_m.o(i.vMBMasterGetPDUSndBuf), (12 bytes).
    Removing mbrtu_m.o(i.vMBMasterGetRTUSndBuf), (12 bytes).
    Removing mbrtu_m.o(i.vMBMasterSetCurTimerMode), (12 bytes).
    Removing mbrtu_m.o(i.vMBMasterSetPDUSndLength), (12 bytes).
    Removing mbrtu_m.o(i.xMBMasterRTUReceiveFSM), (148 bytes).
    Removing mbrtu_m.o(i.xMBMasterRTUTimerExpired), (116 bytes).
    Removing mbrtu_m.o(i.xMBMasterRTUTransmitFSM), (140 bytes).
    Removing mbrtu_m.o(.bss), (509 bytes).
    Removing mbrtu_m.o(.data), (13 bytes).
    Removing mbcrc.o(i.usMBCRC16), (56 bytes).
    Removing mbcrc.o(.constdata), (512 bytes).
    Removing modbus_main.o(i.Master_Send), (62 bytes).
    Removing modbus_main.o(i.ModbusSenttset), (44 bytes).
    Removing modbus_main.o(i.modbus_main), (76 bytes).
    Removing modbus_main.o(.constdata), (10 bytes).
    Removing modbus_main.o(.data), (8 bytes).
    Removing usart.o(i.Hw_Usart_init), (220 bytes).
    Removing usart.o(i.UART1_SendStr), (48 bytes).
    Removing porttimer_m.o(i.vMBMasterPortTimersConvertDelayEnable), (88 bytes).
    Removing porttimer_m.o(i.vMBMasterPortTimersDisable), (44 bytes).
    Removing porttimer_m.o(i.vMBMasterPortTimersRespondTimeoutEnable), (88 bytes).
    Removing porttimer_m.o(i.vMBMasterPortTimersT35Enable), (88 bytes).
    Removing porttimer_m.o(i.xMBMasterPortTimersInit), (108 bytes).
    Removing porttimer_m.o(.data), (4 bytes).
    Removing portserial_m.o(i.vMBMasterPortClose), (28 bytes).
    Removing portserial_m.o(i.vMBMasterPortSerialEnable), (92 bytes).
    Removing portserial_m.o(i.xMBMasterPortSerialGetByte), (20 bytes).
    Removing portserial_m.o(i.xMBMasterPortSerialInit), (284 bytes).
    Removing portserial_m.o(i.xMBMasterPortSerialPutByte), (20 bytes).
    Removing portevent_m.o(i.xMBMasterPortEventGet), (32 bytes).
    Removing portevent_m.o(i.xMBMasterPortEventInit), (16 bytes).
    Removing portevent_m.o(i.xMBMasterPortEventPost), (20 bytes).
    Removing portevent_m.o(.data), (2 bytes).
    Removing port.o(i.EnterCriticalSection), (4 bytes).
    Removing port.o(i.ExitCriticalSection), (4 bytes).
    Removing pidctrl.o(i.pid_enable_feature), (104 bytes).

1154 unused section(s) (total 159812 bytes) removed from the image.

==============================================================================

Image Symbol Table

    Local Symbols

    Symbol Name                              Value     Ov Type        Size  Object(Section)

    ../../microlib/ctype/ctype.c             0x00000000   Number         0  ctype_o.o ABSOLUTE
    ../../microlib/ctype/ctype.c             0x00000000   Number         0  iscntrl_o.o ABSOLUTE
    ../../microlib/ctype/ctype.c             0x00000000   Number         0  isxdigit_o.o ABSOLUTE
    ../../microlib/ctype/ctype.c             0x00000000   Number         0  isspace_o.o ABSOLUTE
    ../../microlib/ctype/ctype.c             0x00000000   Number         0  isalpha_o.o ABSOLUTE
    ../../microlib/ctype/ctype.c             0x00000000   Number         0  ispunct_o.o ABSOLUTE
    ../../microlib/ctype/ctype.c             0x00000000   Number         0  isprint_o.o ABSOLUTE
    ../../microlib/ctype/ctype.c             0x00000000   Number         0  islower_o.o ABSOLUTE
    ../../microlib/ctype/ctype.c             0x00000000   Number         0  isblank_o.o ABSOLUTE
    ../../microlib/ctype/ctype.c             0x00000000   Number         0  isgraph_o.o ABSOLUTE
    ../../microlib/ctype/ctype.c             0x00000000   Number         0  isupper_o.o ABSOLUTE
    ../../microlib/ctype/ctype.c             0x00000000   Number         0  isdigit_o.o ABSOLUTE
    ../../microlib/ctype/ctype.c             0x00000000   Number         0  isalnum_o.o ABSOLUTE
    ../../microlib/division.c                0x00000000   Number         0  uldiv.o ABSOLUTE
    ../../microlib/division.c                0x00000000   Number         0  uidiv.o ABSOLUTE
    ../../microlib/errno.c                   0x00000000   Number         0  errno.o ABSOLUTE
    ../../microlib/f2d.c                     0x00000000   Number         0  f2d.o ABSOLUTE
    ../../microlib/fpadd.c                   0x00000000   Number         0  dadd.o ABSOLUTE
    ../../microlib/fpadd.c                   0x00000000   Number         0  fadd.o ABSOLUTE
    ../../microlib/fpdiv.c                   0x00000000   Number         0  ddiv.o ABSOLUTE
    ../../microlib/fpdiv.c                   0x00000000   Number         0  fdiv.o ABSOLUTE
    ../../microlib/fpepilogue.c              0x00000000   Number         0  depilogue.o ABSOLUTE
    ../../microlib/fpepilogue.c              0x00000000   Number         0  fepilogue.o ABSOLUTE
    ../../microlib/fpfix.c                   0x00000000   Number         0  dfixul.o ABSOLUTE
    ../../microlib/fpfix.c                   0x00000000   Number         0  dfixi.o ABSOLUTE
    ../../microlib/fpfix.c                   0x00000000   Number         0  ffixui.o ABSOLUTE
    ../../microlib/fpflt.c                   0x00000000   Number         0  dflti.o ABSOLUTE
    ../../microlib/fpflt.c                   0x00000000   Number         0  fflti.o ABSOLUTE
    ../../microlib/fpmul.c                   0x00000000   Number         0  dmul.o ABSOLUTE
    ../../microlib/fpmul.c                   0x00000000   Number         0  fmul.o ABSOLUTE
    ../../microlib/init/entry.s              0x00000000   Number         0  entry.o ABSOLUTE
    ../../microlib/init/entry.s              0x00000000   Number         0  entry2.o ABSOLUTE
    ../../microlib/init/entry.s              0x00000000   Number         0  entry5.o ABSOLUTE
    ../../microlib/init/entry.s              0x00000000   Number         0  entry7.o ABSOLUTE
    ../../microlib/longlong.c                0x00000000   Number         0  llushr.o ABSOLUTE
    ../../microlib/longlong.c                0x00000000   Number         0  llshl.o ABSOLUTE
    ../../microlib/longlong.c                0x00000000   Number         0  llsshr.o ABSOLUTE
    ../../microlib/printf/printf.c           0x00000000   Number         0  printf4.o ABSOLUTE
    ../../microlib/printf/printf.c           0x00000000   Number         0  printf3.o ABSOLUTE
    ../../microlib/printf/printf.c           0x00000000   Number         0  printf2.o ABSOLUTE
    ../../microlib/printf/printf.c           0x00000000   Number         0  printf1.o ABSOLUTE
    ../../microlib/printf/printf.c           0x00000000   Number         0  printf0.o ABSOLUTE
    ../../microlib/printf/printf.c           0x00000000   Number         0  printfb.o ABSOLUTE
    ../../microlib/printf/printf.c           0x00000000   Number         0  printf6.o ABSOLUTE
    ../../microlib/printf/printf.c           0x00000000   Number         0  printf7.o ABSOLUTE
    ../../microlib/printf/printf.c           0x00000000   Number         0  printfa.o ABSOLUTE
    ../../microlib/printf/printf.c           0x00000000   Number         0  printf5.o ABSOLUTE
    ../../microlib/printf/printf.c           0x00000000   Number         0  printf8.o ABSOLUTE
    ../../microlib/printf/stubs.s            0x00000000   Number         0  stubs.o ABSOLUTE
    ../../microlib/stdio/fputc.c             0x00000000   Number         0  fputc.o ABSOLUTE
    ../../microlib/stdio/streams.c           0x00000000   Number         0  stdout.o ABSOLUTE
    ../../microlib/string/memcmp.c           0x00000000   Number         0  memcmp.o ABSOLUTE
    ../../microlib/string/memcpy.c           0x00000000   Number         0  memcpya.o ABSOLUTE
    ../../microlib/string/memcpy.c           0x00000000   Number         0  memcpyb.o ABSOLUTE
    ../../microlib/string/memset.c           0x00000000   Number         0  memseta.o ABSOLUTE
    ../../microlib/string/strchr.c           0x00000000   Number         0  strchr.o ABSOLUTE
    ../../microlib/string/strcmp.c           0x00000000   Number         0  strcmp.o ABSOLUTE
    ../../microlib/string/strcpy.c           0x00000000   Number         0  strcpy.o ABSOLUTE
    ../../microlib/string/strlen.c           0x00000000   Number         0  strlen.o ABSOLUTE
    ../../microlib/string/strncmp.c          0x00000000   Number         0  strncmp.o ABSOLUTE
    ../../microlib/string/strstr.c           0x00000000   Number         0  strstr.o ABSOLUTE
    ../../microlib/stubs.s                   0x00000000   Number         0  iusefp.o ABSOLUTE
    ../../microlib/stubs.s                   0x00000000   Number         0  iusesemip.o ABSOLUTE
    ../../scanf.c                            0x00000000   Number         0  _strtoul.o ABSOLUTE
    ../../scanf.c                            0x00000000   Number         0  strtol.o ABSOLUTE
    ../../scanf.c                            0x00000000   Number         0  _chval.o ABSOLUTE
    ..\GNU源码\lwip-1.4.1\archport\port\ethernetif.c 0x00000000   Number         0  ethernetif.o ABSOLUTE
    ..\GNU源码\lwip-1.4.1\src\api\api_lib.c  0x00000000   Number         0  api_lib.o ABSOLUTE
    ..\GNU源码\lwip-1.4.1\src\api\err.c      0x00000000   Number         0  err.o ABSOLUTE
    ..\GNU源码\lwip-1.4.1\src\api\netbuf.c   0x00000000   Number         0  netbuf.o ABSOLUTE
    ..\GNU源码\lwip-1.4.1\src\api\netdb.c    0x00000000   Number         0  netdb.o ABSOLUTE
    ..\GNU源码\lwip-1.4.1\src\api\netifapi.c 0x00000000   Number         0  netifapi.o ABSOLUTE
    ..\GNU源码\lwip-1.4.1\src\api\tcpip.c    0x00000000   Number         0  tcpip.o ABSOLUTE
    ..\GNU源码\lwip-1.4.1\src\core\def.c     0x00000000   Number         0  def.o ABSOLUTE
    ..\GNU源码\lwip-1.4.1\src\core\dhcp.c    0x00000000   Number         0  dhcp.o ABSOLUTE
    ..\GNU源码\lwip-1.4.1\src\core\dns.c     0x00000000   Number         0  dns.o ABSOLUTE
    ..\GNU源码\lwip-1.4.1\src\core\init.c    0x00000000   Number         0  init.o ABSOLUTE
    ..\GNU源码\lwip-1.4.1\src\core\ipv4\autoip.c 0x00000000   Number         0  autoip.o ABSOLUTE
    ..\GNU源码\lwip-1.4.1\src\core\ipv4\icmp.c 0x00000000   Number         0  icmp.o ABSOLUTE
    ..\GNU源码\lwip-1.4.1\src\core\ipv4\igmp.c 0x00000000   Number         0  igmp.o ABSOLUTE
    ..\GNU源码\lwip-1.4.1\src\core\ipv4\inet.c 0x00000000   Number         0  inet.o ABSOLUTE
    ..\GNU源码\lwip-1.4.1\src\core\ipv4\inet_chksum.c 0x00000000   Number         0  inet_chksum.o ABSOLUTE
    ..\GNU源码\lwip-1.4.1\src\core\ipv4\ip.c 0x00000000   Number         0  ip.o ABSOLUTE
    ..\GNU源码\lwip-1.4.1\src\core\ipv4\ip_addr.c 0x00000000   Number         0  ip_addr.o ABSOLUTE
    ..\GNU源码\lwip-1.4.1\src\core\ipv4\ip_frag.c 0x00000000   Number         0  ip_frag.o ABSOLUTE
    ..\GNU源码\lwip-1.4.1\src\core\mem.c     0x00000000   Number         0  mem.o ABSOLUTE
    ..\GNU源码\lwip-1.4.1\src\core\memp.c    0x00000000   Number         0  memp.o ABSOLUTE
    ..\GNU源码\lwip-1.4.1\src\core\netif.c   0x00000000   Number         0  netif.o ABSOLUTE
    ..\GNU源码\lwip-1.4.1\src\core\pbuf.c    0x00000000   Number         0  pbuf.o ABSOLUTE
    ..\GNU源码\lwip-1.4.1\src\core\raw.c     0x00000000   Number         0  raw.o ABSOLUTE
    ..\GNU源码\lwip-1.4.1\src\core\stats.c   0x00000000   Number         0  stats.o ABSOLUTE
    ..\GNU源码\lwip-1.4.1\src\core\sys.c     0x00000000   Number         0  sys.o ABSOLUTE
    ..\GNU源码\lwip-1.4.1\src\core\tcp.c     0x00000000   Number         0  tcp.o ABSOLUTE
    ..\GNU源码\lwip-1.4.1\src\core\tcp_in.c  0x00000000   Number         0  tcp_in.o ABSOLUTE
    ..\GNU源码\lwip-1.4.1\src\core\tcp_out.c 0x00000000   Number         0  tcp_out.o ABSOLUTE
    ..\GNU源码\lwip-1.4.1\src\core\timers.c  0x00000000   Number         0  timers.o ABSOLUTE
    ..\GNU源码\lwip-1.4.1\src\core\udp.c     0x00000000   Number         0  udp.o ABSOLUTE
    ..\GNU源码\lwip-1.4.1\src\netif\etharp.c 0x00000000   Number         0  etharp.o ABSOLUTE
    ..\Libraries\CMSIS\CM3\CoreSupport\core_cm3.c 0x00000000   Number         0  core_cm3.o ABSOLUTE
    ..\Libraries\CMSIS\CM3\DeviceSupport\ST\STM32F10x\startup\arm\startup_stm32f10x_cl.s 0x00000000   Number         0  startup_stm32f10x_cl.o ABSOLUTE
    ..\Libraries\CMSIS\CM3\DeviceSupport\ST\STM32F10x\system_stm32f10x.c 0x00000000   Number         0  system_stm32f10x.o ABSOLUTE
    ..\Libraries\STM32F10x_StdPeriph_Driver\src\misc.c 0x00000000   Number         0  misc.o ABSOLUTE
    ..\Libraries\STM32F10x_StdPeriph_Driver\src\stm32f10x_adc.c 0x00000000   Number         0  stm32f10x_adc.o ABSOLUTE
    ..\Libraries\STM32F10x_StdPeriph_Driver\src\stm32f10x_bkp.c 0x00000000   Number         0  stm32f10x_bkp.o ABSOLUTE
    ..\Libraries\STM32F10x_StdPeriph_Driver\src\stm32f10x_can.c 0x00000000   Number         0  stm32f10x_can.o ABSOLUTE
    ..\Libraries\STM32F10x_StdPeriph_Driver\src\stm32f10x_cec.c 0x00000000   Number         0  stm32f10x_cec.o ABSOLUTE
    ..\Libraries\STM32F10x_StdPeriph_Driver\src\stm32f10x_crc.c 0x00000000   Number         0  stm32f10x_crc.o ABSOLUTE
    ..\Libraries\STM32F10x_StdPeriph_Driver\src\stm32f10x_dac.c 0x00000000   Number         0  stm32f10x_dac.o ABSOLUTE
    ..\Libraries\STM32F10x_StdPeriph_Driver\src\stm32f10x_dbgmcu.c 0x00000000   Number         0  stm32f10x_dbgmcu.o ABSOLUTE
    ..\Libraries\STM32F10x_StdPeriph_Driver\src\stm32f10x_dma.c 0x00000000   Number         0  stm32f10x_dma.o ABSOLUTE
    ..\Libraries\STM32F10x_StdPeriph_Driver\src\stm32f10x_exti.c 0x00000000   Number         0  stm32f10x_exti.o ABSOLUTE
    ..\Libraries\STM32F10x_StdPeriph_Driver\src\stm32f10x_flash.c 0x00000000   Number         0  stm32f10x_flash.o ABSOLUTE
    ..\Libraries\STM32F10x_StdPeriph_Driver\src\stm32f10x_fsmc.c 0x00000000   Number         0  stm32f10x_fsmc.o ABSOLUTE
    ..\Libraries\STM32F10x_StdPeriph_Driver\src\stm32f10x_gpio.c 0x00000000   Number         0  stm32f10x_gpio.o ABSOLUTE
    ..\Libraries\STM32F10x_StdPeriph_Driver\src\stm32f10x_i2c.c 0x00000000   Number         0  stm32f10x_i2c.o ABSOLUTE
    ..\Libraries\STM32F10x_StdPeriph_Driver\src\stm32f10x_iwdg.c 0x00000000   Number         0  stm32f10x_iwdg.o ABSOLUTE
    ..\Libraries\STM32F10x_StdPeriph_Driver\src\stm32f10x_pwr.c 0x00000000   Number         0  stm32f10x_pwr.o ABSOLUTE
    ..\Libraries\STM32F10x_StdPeriph_Driver\src\stm32f10x_rcc.c 0x00000000   Number         0  stm32f10x_rcc.o ABSOLUTE
    ..\Libraries\STM32F10x_StdPeriph_Driver\src\stm32f10x_rtc.c 0x00000000   Number         0  stm32f10x_rtc.o ABSOLUTE
    ..\Libraries\STM32F10x_StdPeriph_Driver\src\stm32f10x_sdio.c 0x00000000   Number         0  stm32f10x_sdio.o ABSOLUTE
    ..\Libraries\STM32F10x_StdPeriph_Driver\src\stm32f10x_spi.c 0x00000000   Number         0  stm32f10x_spi.o ABSOLUTE
    ..\Libraries\STM32F10x_StdPeriph_Driver\src\stm32f10x_tim.c 0x00000000   Number         0  stm32f10x_tim.o ABSOLUTE
    ..\Libraries\STM32F10x_StdPeriph_Driver\src\stm32f10x_usart.c 0x00000000   Number         0  stm32f10x_usart.o ABSOLUTE
    ..\Libraries\STM32F10x_StdPeriph_Driver\src\stm32f10x_wwdg.c 0x00000000   Number         0  stm32f10x_wwdg.o ABSOLUTE
    ..\Libraries\STM32_ETH_Driver\src\stm32_eth.c 0x00000000   Number         0  stm32_eth.o ABSOLUTE
    ..\\Libraries\\CMSIS\\CM3\\CoreSupport\\core_cm3.c 0x00000000   Number         0  core_cm3.o ABSOLUTE
    ..\\myself\\src\\stm32f10x_it.c          0x00000000   Number         0  stm32f10x_it.o ABSOLUTE
    ..\efsl\source\dir.c                     0x00000000   Number         0  dir.o ABSOLUTE
    ..\efsl\source\disc.c                    0x00000000   Number         0  disc.o ABSOLUTE
    ..\efsl\source\efs.c                     0x00000000   Number         0  efs.o ABSOLUTE
    ..\efsl\source\extract.c                 0x00000000   Number         0  extract.o ABSOLUTE
    ..\efsl\source\fat.c                     0x00000000   Number         0  fat.o ABSOLUTE
    ..\efsl\source\file.c                    0x00000000   Number         0  file.o ABSOLUTE
    ..\efsl\source\fs.c                      0x00000000   Number         0  fs.o ABSOLUTE
    ..\efsl\source\interface\sd.c            0x00000000   Number         0  sd.o ABSOLUTE
    ..\efsl\source\interface\sd_stm32.c      0x00000000   Number         0  sd_stm32.o ABSOLUTE
    ..\efsl\source\ioman.c                   0x00000000   Number         0  ioman.o ABSOLUTE
    ..\efsl\source\ls.c                      0x00000000   Number         0  ls.o ABSOLUTE
    ..\efsl\source\mkfs.c                    0x00000000   Number         0  mkfs.o ABSOLUTE
    ..\efsl\source\partition.c               0x00000000   Number         0  partition.o ABSOLUTE
    ..\efsl\source\plibc.c                   0x00000000   Number         0  plibc.o ABSOLUTE
    ..\efsl\source\time.c                    0x00000000   Number         0  time.o ABSOLUTE
    ..\efsl\source\ui.c                      0x00000000   Number         0  ui.o ABSOLUTE
    ..\httpserver_raw\src\fs_lwip.c          0x00000000   Number         0  fs_lwip.o ABSOLUTE
    ..\httpserver_raw\src\fsdata.c           0x00000000   Number         0  fsdata.o ABSOLUTE
    ..\httpserver_raw\src\httpd.c            0x00000000   Number         0  httpd.o ABSOLUTE
    ..\modbus\User\modbus_main.c             0x00000000   Number         0  modbus_main.o ABSOLUTE
    ..\modbus\User\usart.c                   0x00000000   Number         0  usart.o ABSOLUTE
    ..\modbus\freemodbus-v1.6.0\modbus\mb_m.c 0x00000000   Number         0  mb_m.o ABSOLUTE
    ..\modbus\freemodbus-v1.6.0\modbus\rtu\mbcrc.c 0x00000000   Number         0  mbcrc.o ABSOLUTE
    ..\modbus\freemodbus-v1.6.0\modbus\rtu\mbrtu_m.c 0x00000000   Number         0  mbrtu_m.o ABSOLUTE
    ..\modbus\freemodbus-v1.6.0\port\port.c  0x00000000   Number         0  port.o ABSOLUTE
    ..\modbus\freemodbus-v1.6.0\port\portevent_m.c 0x00000000   Number         0  portevent_m.o ABSOLUTE
    ..\modbus\freemodbus-v1.6.0\port\portserial_m.c 0x00000000   Number         0  portserial_m.o ABSOLUTE
    ..\modbus\freemodbus-v1.6.0\port\porttimer_m.c 0x00000000   Number         0  porttimer_m.o ABSOLUTE
    ..\myself\src\DS18B20SROM.c              0x00000000   Number         0  ds18b20srom.o ABSOLUTE
    ..\myself\src\client_tcpudp.c            0x00000000   Number         0  client_tcpudp.o ABSOLUTE
    ..\myself\src\ds18b20sech.c              0x00000000   Number         0  ds18b20sech.o ABSOLUTE
    ..\myself\src\filesystem.c               0x00000000   Number         0  filesystem.o ABSOLUTE
    ..\myself\src\main.c                     0x00000000   Number         0  main.o ABSOLUTE
    ..\myself\src\netconf.c                  0x00000000   Number         0  netconf.o ABSOLUTE
    ..\myself\src\stm32f107.c                0x00000000   Number         0  stm32f107.o ABSOLUTE
    ..\myself\src\stm32f10x_it.c             0x00000000   Number         0  stm32f10x_it.o ABSOLUTE
    ..\netbios\netbios.c                     0x00000000   Number         0  netbios.o ABSOLUTE
    ..\pid\pidctrl.c                         0x00000000   Number         0  pidctrl.o ABSOLUTE
    ..\smtp\smtp.c                           0x00000000   Number         0  smtp.o ABSOLUTE
    ..\smtp\snmp_app.c                       0x00000000   Number         0  snmp_app.o ABSOLUTE
    ..\tftp\tftpserver.c                     0x00000000   Number         0  tftpserver.o ABSOLUTE
    ..\tftp\tftputils.c                      0x00000000   Number         0  tftputils.o ABSOLUTE
    cdrcmple.s                               0x00000000   Number         0  cdrcmple.o ABSOLUTE
    cfcmple.s                                0x00000000   Number         0  cfcmple.o ABSOLUTE
    cfrcmple.s                               0x00000000   Number         0  cfrcmple.o ABSOLUTE
    dc.s                                     0x00000000   Number         0  dc.o ABSOLUTE
    handlers.s                               0x00000000   Number         0  handlers.o ABSOLUTE
    init.s                                   0x00000000   Number         0  init.o ABSOLUTE
    RESET                                    0x08000000   Section      336  startup_stm32f10x_cl.o(RESET)
    .ARM.Collect$$$$00000000                 0x08000150   Section        0  entry.o(.ARM.Collect$$$$00000000)
    .ARM.Collect$$$$00000001                 0x08000150   Section        4  entry2.o(.ARM.Collect$$$$00000001)
    .ARM.Collect$$$$00000004                 0x08000154   Section        4  entry5.o(.ARM.Collect$$$$00000004)
    .ARM.Collect$$$$00000007                 0x08000158   Section        8  entry7.o(.ARM.Collect$$$$00000007)
    .ARM.Collect$$$$00002712                 0x08000160   Section        4  entry2.o(.ARM.Collect$$$$00002712)
    __lit__00000000                          0x08000160   Data           4  entry2.o(.ARM.Collect$$$$00002712)
    .emb_text                                0x08000164   Section        2  stm32f10x_it.o(.emb_text)
    .text                                    0x08000168   Section       36  startup_stm32f10x_cl.o(.text)
    .text                                    0x0800018c   Section        0  memcpya.o(.text)
    .text                                    0x080001b0   Section        0  fadd.o(.text)
    .text                                    0x08000260   Section        0  fmul.o(.text)
    .text                                    0x080002ca   Section        0  fdiv.o(.text)
    .text                                    0x0800034a   Section        0  dmul.o(.text)
    .text                                    0x0800043a   Section        0  fflti.o(.text)
    .text                                    0x0800044c   Section        0  dflti.o(.text)
    .text                                    0x0800046e   Section        0  ffixui.o(.text)
    .text                                    0x08000496   Section        0  dfixi.o(.text)
    .text                                    0x080004e8   Section        0  f2d.o(.text)
    .text                                    0x0800050c   Section       20  cfcmple.o(.text)
    .text                                    0x08000520   Section       20  cfrcmple.o(.text)
    .text                                    0x08000534   Section        0  uidiv.o(.text)
    .text                                    0x08000560   Section        0  uldiv.o(.text)
    .text                                    0x080005ba   Section        0  llushr.o(.text)
    .text                                    0x080005d8   Section        0  fepilogue.o(.text)
    .text                                    0x080005d8   Section        0  iusefp.o(.text)
    .text                                    0x08000646   Section        0  depilogue.o(.text)
    .text                                    0x08000730   Section        0  dadd.o(.text)
    .text                                    0x0800088e   Section        0  ddiv.o(.text)
    .text                                    0x080009a6   Section        0  dfixul.o(.text)
    .text                                    0x080009d8   Section       76  cdrcmple.o(.text)
    .text                                    0x08000a24   Section       36  init.o(.text)
    .text                                    0x08000a48   Section        0  llshl.o(.text)
    .text                                    0x08000a68   Section        0  llsshr.o(.text)
    .text                                    0x08000a8a   Section        0  iusesemip.o(.text)
    i.AutoRunPowerAdjTask                    0x08000a8c   Section        0  pidctrl.o(i.AutoRunPowerAdjTask)
    i.BusFault_Handler                       0x08000abc   Section        0  stm32f10x_it.o(i.BusFault_Handler)
    i.DS1820main                             0x08000ac0   Section        0  ds18b20srom.o(i.DS1820main)
    i.DS18B20_ReadBit                        0x08000d74   Section        0  ds18b20srom.o(i.DS18B20_ReadBit)
    i.DS18B20_ReadData                       0x08000db4   Section        0  ds18b20srom.o(i.DS18B20_ReadData)
    i.DS18B20_ReadDesignateTemper            0x08000dd4   Section        0  ds18b20srom.o(i.DS18B20_ReadDesignateTemper)
    i.DS18B20_Reset                          0x08000e44   Section        0  ds18b20srom.o(i.DS18B20_Reset)
    i.DS18B20_WriteBit                       0x08000ea8   Section        0  ds18b20srom.o(i.DS18B20_WriteBit)
    i.DS18B20_WriteData                      0x08000ed8   Section        0  ds18b20srom.o(i.DS18B20_WriteData)
    i.DebugMon_Handler                       0x08000ef2   Section        0  stm32f10x_it.o(i.DebugMon_Handler)
    i.Delay_init                             0x08000ef4   Section        0  ds18b20srom.o(i.Delay_init)
    i.Delay_ms                               0x08000f28   Section        0  ds18b20srom.o(i.Delay_ms)
    i.Delay_us                               0x08000f68   Section        0  ds18b20srom.o(i.Delay_us)
    i.ETH_DMAClearITPendingBit               0x08000f9c   Section        0  stm32_eth.o(i.ETH_DMAClearITPendingBit)
    i.ETH_GetDMARxDescFrameLength            0x08000fa8   Section        0  stm32_eth.o(i.ETH_GetDMARxDescFrameLength)
    i.ETH_GetRxPktSize                       0x08000fb4   Section        0  stm32_eth.o(i.ETH_GetRxPktSize)
    i.ETH_IRQHandler                         0x08000ffc   Section        0  stm32f10x_it.o(i.ETH_IRQHandler)
    i.ETH_RxPkt_ChainMode                    0x0800101c   Section        0  ethernetif.o(i.ETH_RxPkt_ChainMode)
    i.EXTI4_IRQHandler                       0x080010bc   Section        0  pidctrl.o(i.EXTI4_IRQHandler)
    i.EXTI_ClearITPendingBit                 0x080010dc   Section        0  stm32f10x_exti.o(i.EXTI_ClearITPendingBit)
    i.EXTI_Init                              0x080010e8   Section        0  stm32f10x_exti.o(i.EXTI_Init)
    i.FS_Writehtml                           0x08001194   Section        0  filesystem.o(i.FS_Writehtml)
    i.GPIO_EXTILineConfig                    0x08001198   Section        0  stm32f10x_gpio.o(i.GPIO_EXTILineConfig)
    i.GPIO_Init                              0x080011d4   Section        0  stm32f10x_gpio.o(i.GPIO_Init)
    i.GPIO_ReadInputDataBit                  0x080012e4   Section        0  stm32f10x_gpio.o(i.GPIO_ReadInputDataBit)
    i.GPIO_ResetBits                         0x080012f6   Section        0  stm32f10x_gpio.o(i.GPIO_ResetBits)
    i.GPIO_SetBits                           0x080012fa   Section        0  stm32f10x_gpio.o(i.GPIO_SetBits)
    i.HardFault_Handler                      0x080012fe   Section        0  stm32f10x_it.o(i.HardFault_Handler)
    i.InitSSR                                0x08001308   Section        0  pidctrl.o(i.InitSSR)
    i.InitTIM                                0x08001314   Section        0  main.o(i.InitTIM)
    i.Init_DS18B20_IO                        0x080013b0   Section        0  ds18b20srom.o(i.Init_DS18B20_IO)
    i.InitzeroGPIO                           0x080013dc   Section        0  pidctrl.o(i.InitzeroGPIO)
    i.MemManage_Handler                      0x08001494   Section        0  stm32f10x_it.o(i.MemManage_Handler)
    i.NMI_Handler                            0x08001498   Section        0  stm32f10x_it.o(i.NMI_Handler)
    i.NVIC_Configuration                     0x0800149a   Section        0  stm32f107.o(i.NVIC_Configuration)
    i.NVIC_Init                              0x080014bc   Section        0  misc.o(i.NVIC_Init)
    i.NVIC_PriorityGroupConfig               0x08001540   Section        0  misc.o(i.NVIC_PriorityGroupConfig)
    i.NVIC_SetPriority                       0x08001554   Section        0  stm32f107.o(i.NVIC_SetPriority)
    NVIC_SetPriority                         0x08001555   Thumb Code    32  stm32f107.o(i.NVIC_SetPriority)
    i.NVIC_SetVectorTable                    0x0800157c   Section        0  misc.o(i.NVIC_SetVectorTable)
    i.PendSV_Handler                         0x08001590   Section        0  stm32f10x_it.o(i.PendSV_Handler)
    i.PidThread                              0x08001594   Section        0  pidctrl.o(i.PidThread)
    i.RCC_APB1PeriphClockCmd                 0x08001614   Section        0  stm32f10x_rcc.o(i.RCC_APB1PeriphClockCmd)
    i.RCC_APB2PeriphClockCmd                 0x08001634   Section        0  stm32f10x_rcc.o(i.RCC_APB2PeriphClockCmd)
    i.RCC_GetClocksFreq                      0x08001654   Section        0  stm32f10x_rcc.o(i.RCC_GetClocksFreq)
    i.Read_Eth_Packet                        0x080017e0   Section        0  ethernetif.o(i.Read_Eth_Packet)
    i.SVC_Handler                            0x08001834   Section        0  stm32f10x_it.o(i.SVC_Handler)
    i.Set18b20IOin                           0x08001838   Section        0  ds18b20srom.o(i.Set18b20IOin)
    i.Set18b20IOout                          0x08001864   Section        0  ds18b20srom.o(i.Set18b20IOout)
    i.SetSysClock                            0x08001890   Section        0  system_stm32f10x.o(i.SetSysClock)
    SetSysClock                              0x08001891   Thumb Code     8  system_stm32f10x.o(i.SetSysClock)
    i.SetSysClockTo72                        0x08001898   Section        0  system_stm32f10x.o(i.SetSysClockTo72)
    SetSysClockTo72                          0x08001899   Thumb Code   240  system_stm32f10x.o(i.SetSysClockTo72)
    i.Set_Power                              0x08001998   Section        0  pidctrl.o(i.Set_Power)
    i.SysTick_Handler                        0x080019a8   Section        0  stm32f10x_it.o(i.SysTick_Handler)
    i.SystemInit                             0x080019b0   Section        0  system_stm32f10x.o(i.SystemInit)
    i.System_Setup                           0x08001a1c   Section        0  stm32f107.o(i.System_Setup)
    i.TIM2_IRQHandler                        0x08001a78   Section        0  main.o(i.TIM2_IRQHandler)
    i.TIM3_IRQHandler                        0x08001aa4   Section        0  porttimer_m.o(i.TIM3_IRQHandler)
    i.TIM4_IRQHandler                        0x08001acc   Section        0  pidctrl.o(i.TIM4_IRQHandler)
    i.TIM_ARRPreloadConfig                   0x08001b00   Section        0  stm32f10x_tim.o(i.TIM_ARRPreloadConfig)
    i.TIM_ClearFlag                          0x08001b18   Section        0  stm32f10x_tim.o(i.TIM_ClearFlag)
    i.TIM_ClearITPendingBit                  0x08001b1e   Section        0  stm32f10x_tim.o(i.TIM_ClearITPendingBit)
    i.TIM_Cmd                                0x08001b24   Section        0  stm32f10x_tim.o(i.TIM_Cmd)
    i.TIM_GetITStatus                        0x08001b3c   Section        0  stm32f10x_tim.o(i.TIM_GetITStatus)
    i.TIM_ITConfig                           0x08001b5e   Section        0  stm32f10x_tim.o(i.TIM_ITConfig)
    i.TIM_SetCounter                         0x08001b76   Section        0  stm32f10x_tim.o(i.TIM_SetCounter)
    i.TIM_TimeBaseInit                       0x08001b7c   Section        0  stm32f10x_tim.o(i.TIM_TimeBaseInit)
    i.TemperatureThread                      0x08001c20   Section        0  ds18b20srom.o(i.TemperatureThread)
    i.Time_Update                            0x08001c4c   Section        0  main.o(i.Time_Update)
    i.Trdelay                                0x08001c4e   Section        0  pidctrl.o(i.Trdelay)
    i.Trigger_SSR_Task                       0x08001c5c   Section        0  pidctrl.o(i.Trigger_SSR_Task)
    i.USART2_IRQHandler                      0x08001c78   Section        0  portserial_m.o(i.USART2_IRQHandler)
    i.USART_ClearITPendingBit                0x08001cb0   Section        0  stm32f10x_usart.o(i.USART_ClearITPendingBit)
    i.USART_GetITStatus                      0x08001cce   Section        0  stm32f10x_usart.o(i.USART_GetITStatus)
    i.UsageFault_Handler                     0x08001d22   Section        0  stm32f10x_it.o(i.UsageFault_Handler)
    i.Write18b20IO                           0x08001d28   Section        0  ds18b20srom.o(i.Write18b20IO)
    i.__0printf                              0x08001d48   Section        0  printfa.o(i.__0printf)
    i.__scatterload_copy                     0x08001d68   Section       14  handlers.o(i.__scatterload_copy)
    i.__scatterload_null                     0x08001d76   Section        2  handlers.o(i.__scatterload_null)
    i.__scatterload_zeroinit                 0x08001d78   Section       14  handlers.o(i.__scatterload_zeroinit)
    i._fp_digits                             0x08001d88   Section        0  printfa.o(i._fp_digits)
    _fp_digits                               0x08001d89   Thumb Code   378  printfa.o(i._fp_digits)
    i._printf_core                           0x08001f28   Section        0  printfa.o(i._printf_core)
    _printf_core                             0x08001f29   Thumb Code  1810  printfa.o(i._printf_core)
    i._printf_post_padding                   0x08002648   Section        0  printfa.o(i._printf_post_padding)
    _printf_post_padding                     0x08002649   Thumb Code    38  printfa.o(i._printf_post_padding)
    i._printf_pre_padding                    0x0800266e   Section        0  printfa.o(i._printf_pre_padding)
    _printf_pre_padding                      0x0800266f   Thumb Code    46  printfa.o(i._printf_pre_padding)
    i.fputc                                  0x0800269c   Section        0  fputc.o(i.fputc)
    i.initBta16TMER                          0x080026ac   Section        0  pidctrl.o(i.initBta16TMER)
    i.init_PID                               0x08002748   Section        0  pidctrl.o(i.init_PID)
    i.main                                   0x0800276c   Section        0  main.o(i.main)
    i.pid_calculate                          0x08002798   Section        0  pidctrl.o(i.pid_calculate)
    i.pid_init                               0x0800296c   Section        0  pidctrl.o(i.pid_init)
    i.pid_set                                0x080029cc   Section        0  pidctrl.o(i.pid_set)
    i.prvvTIMERExpiredISR                    0x080029d8   Section        0  porttimer_m.o(i.prvvTIMERExpiredISR)
    prvvTIMERExpiredISR                      0x080029d9   Thumb Code    10  porttimer_m.o(i.prvvTIMERExpiredISR)
    i.prvvUARTRxISR                          0x080029e8   Section        0  portserial_m.o(i.prvvUARTRxISR)
    prvvUARTRxISR                            0x080029e9   Thumb Code    10  portserial_m.o(i.prvvUARTRxISR)
    i.prvvUARTTxReadyISR                     0x080029f8   Section        0  portserial_m.o(i.prvvUARTTxReadyISR)
    prvvUARTTxReadyISR                       0x080029f9   Thumb Code    10  portserial_m.o(i.prvvUARTTxReadyISR)
    .data                                    0x20000000   Section       28  ds18b20srom.o(.data)
    fac_us                                   0x20000000   Data           1  ds18b20srom.o(.data)
    fac_ms                                   0x20000002   Data           2  ds18b20srom.o(.data)
    fistsech                                 0x20000016   Data           1  ds18b20srom.o(.data)
    .data                                    0x2000001c   Section       12  main.o(.data)
    .data                                    0x20000028   Section       20  stm32f10x_rcc.o(.data)
    APBAHBPrescTable                         0x20000028   Data          16  stm32f10x_rcc.o(.data)
    ADCPrescTable                            0x20000038   Data           4  stm32f10x_rcc.o(.data)
    .data                                    0x2000003c   Section       16  stm32_eth.o(.data)
    .data                                    0x2000004c   Section       56  mb_m.o(.data)
    xMBRunInMasterMode                       0x2000004c   Data           1  mb_m.o(.data)
    xMasterIsBusy                            0x2000004d   Data           1  mb_m.o(.data)
    eMBState                                 0x2000004e   Data           1  mb_m.o(.data)
    ucMBFrame                                0x20000050   Data           4  mb_m.o(.data)
    ucRcvAddress                             0x20000054   Data           1  mb_m.o(.data)
    ucFunctionCode                           0x20000055   Data           1  mb_m.o(.data)
    usLength                                 0x20000056   Data           2  mb_m.o(.data)
    eException                               0x20000058   Data           1  mb_m.o(.data)
    ucMBMasterDestAddress                    0x20000059   Data           1  mb_m.o(.data)
    peMBMasterFrameSendCur                   0x2000005c   Data           4  mb_m.o(.data)
    pvMBMasterFrameStartCur                  0x20000060   Data           4  mb_m.o(.data)
    pvMBMasterFrameStopCur                   0x20000064   Data           4  mb_m.o(.data)
    peMBMasterFrameReceiveCur                0x20000068   Data           4  mb_m.o(.data)
    pvMBMasterFrameCloseCur                  0x2000006c   Data           4  mb_m.o(.data)
    .data                                    0x20000084   Section       20  pidctrl.o(.data)
    .data                                    0x20000098   Section        4  stdout.o(.data)
    .bss                                     0x2000009c   Section       67  ds18b20srom.o(.bss)
    .bss                                     0x200000e0   Section    10728  ethernetif.o(.bss)
    .bss                                     0x20002ac8   Section       40  pidctrl.o(.bss)
    STACK                                    0x20002af0   Section     1024  startup_stm32f10x_cl.o(STACK)

    Global Symbols

    Symbol Name                              Value     Ov Type        Size  Object(Section)

    BuildAttributes$$THM_ISAv4$P$D$K$B$S$PE$A:L22UL41UL21$X:L11$S22US41US21$IEEE1$IW$USESV6$~STKCKD$USESV7$~SHL$OTIME$ROPI$EBA8$MICROLIB$REQ8$PRES8$EABIv2 0x00000000   Number         0  anon$$obj.o ABSOLUTE
    __ARM_use_no_argv                        0x00000000   Number         0  main.o ABSOLUTE
    _printf_a                                0x00000000   Number         0  stubs.o ABSOLUTE
    _printf_c                                0x00000000   Number         0  stubs.o ABSOLUTE
    _printf_charcount                        0x00000000   Number         0  stubs.o ABSOLUTE
    _printf_d                                0x00000000   Number         0  stubs.o ABSOLUTE
    _printf_e                                0x00000000   Number         0  stubs.o ABSOLUTE
    _printf_f                                0x00000000   Number         0  stubs.o ABSOLUTE
    _printf_flags                            0x00000000   Number         0  stubs.o ABSOLUTE
    _printf_fp_dec                           0x00000000   Number         0  stubs.o ABSOLUTE
    _printf_fp_hex                           0x00000000   Number         0  stubs.o ABSOLUTE
    _printf_g                                0x00000000   Number         0  stubs.o ABSOLUTE
    _printf_i                                0x00000000   Number         0  stubs.o ABSOLUTE
    _printf_int_dec                          0x00000000   Number         0  stubs.o ABSOLUTE
    _printf_l                                0x00000000   Number         0  stubs.o ABSOLUTE
    _printf_lc                               0x00000000   Number         0  stubs.o ABSOLUTE
    _printf_ll                               0x00000000   Number         0  stubs.o ABSOLUTE
    _printf_lld                              0x00000000   Number         0  stubs.o ABSOLUTE
    _printf_lli                              0x00000000   Number         0  stubs.o ABSOLUTE
    _printf_llo                              0x00000000   Number         0  stubs.o ABSOLUTE
    _printf_llu                              0x00000000   Number         0  stubs.o ABSOLUTE
    _printf_llx                              0x00000000   Number         0  stubs.o ABSOLUTE
    _printf_longlong_dec                     0x00000000   Number         0  stubs.o ABSOLUTE
    _printf_longlong_hex                     0x00000000   Number         0  stubs.o ABSOLUTE
    _printf_longlong_oct                     0x00000000   Number         0  stubs.o ABSOLUTE
    _printf_ls                               0x00000000   Number         0  stubs.o ABSOLUTE
    _printf_mbtowc                           0x00000000   Number         0  stubs.o ABSOLUTE
    _printf_n                                0x00000000   Number         0  stubs.o ABSOLUTE
    _printf_o                                0x00000000   Number         0  stubs.o ABSOLUTE
    _printf_p                                0x00000000   Number         0  stubs.o ABSOLUTE
    _printf_percent                          0x00000000   Number         0  stubs.o ABSOLUTE
    _printf_pre_padding                      0x00000000   Number         0  stubs.o ABSOLUTE
    _printf_return_value                     0x00000000   Number         0  stubs.o ABSOLUTE
    _printf_s                                0x00000000   Number         0  stubs.o ABSOLUTE
    _printf_sizespec                         0x00000000   Number         0  stubs.o ABSOLUTE
    _printf_str                              0x00000000   Number         0  stubs.o ABSOLUTE
    _printf_truncate_signed                  0x00000000   Number         0  stubs.o ABSOLUTE
    _printf_truncate_unsigned                0x00000000   Number         0  stubs.o ABSOLUTE
    _printf_u                                0x00000000   Number         0  stubs.o ABSOLUTE
    _printf_wc                               0x00000000   Number         0  stubs.o ABSOLUTE
    _printf_wctomb                           0x00000000   Number         0  stubs.o ABSOLUTE
    _printf_widthprec                        0x00000000   Number         0  stubs.o ABSOLUTE
    _printf_x                                0x00000000   Number         0  stubs.o ABSOLUTE
    __decompress                              - Undefined Weak Reference
    __Vectors_Size                           0x00000150   Number         0  startup_stm32f10x_cl.o ABSOLUTE
    __Vectors                                0x08000000   Data           4  startup_stm32f10x_cl.o(RESET)
    __Vectors_End                            0x08000150   Data           0  startup_stm32f10x_cl.o(RESET)
    __main                                   0x08000151   Thumb Code     0  entry.o(.ARM.Collect$$$$00000000)
    _main_stk                                0x08000151   Thumb Code     0  entry2.o(.ARM.Collect$$$$00000001)
    _main_scatterload                        0x08000155   Thumb Code     0  entry5.o(.ARM.Collect$$$$00000004)
    __main_after_scatterload                 0x08000159   Thumb Code     0  entry5.o(.ARM.Collect$$$$00000004)
    _main_init                               0x08000159   Thumb Code     0  entry7.o(.ARM.Collect$$$$00000007)
    wait                                     0x08000165   Thumb Code     2  stm32f10x_it.o(.emb_text)
    Reset_Handler                            0x08000169   Thumb Code     8  startup_stm32f10x_cl.o(.text)
    ADC1_2_IRQHandler                        0x08000183   Thumb Code     0  startup_stm32f10x_cl.o(.text)
    CAN1_RX0_IRQHandler                      0x08000183   Thumb Code     0  startup_stm32f10x_cl.o(.text)
    CAN1_RX1_IRQHandler                      0x08000183   Thumb Code     0  startup_stm32f10x_cl.o(.text)
    CAN1_SCE_IRQHandler                      0x08000183   Thumb Code     0  startup_stm32f10x_cl.o(.text)
    CAN1_TX_IRQHandler                       0x08000183   Thumb Code     0  startup_stm32f10x_cl.o(.text)
    CAN2_RX0_IRQHandler                      0x08000183   Thumb Code     0  startup_stm32f10x_cl.o(.text)
    CAN2_RX1_IRQHandler                      0x08000183   Thumb Code     0  startup_stm32f10x_cl.o(.text)
    CAN2_SCE_IRQHandler                      0x08000183   Thumb Code     0  startup_stm32f10x_cl.o(.text)
    CAN2_TX_IRQHandler                       0x08000183   Thumb Code     0  startup_stm32f10x_cl.o(.text)
    DMA1_Channel1_IRQHandler                 0x08000183   Thumb Code     0  startup_stm32f10x_cl.o(.text)
    DMA1_Channel2_IRQHandler                 0x08000183   Thumb Code     0  startup_stm32f10x_cl.o(.text)
    DMA1_Channel3_IRQHandler                 0x08000183   Thumb Code     0  startup_stm32f10x_cl.o(.text)
    DMA1_Channel4_IRQHandler                 0x08000183   Thumb Code     0  startup_stm32f10x_cl.o(.text)
    DMA1_Channel5_IRQHandler                 0x08000183   Thumb Code     0  startup_stm32f10x_cl.o(.text)
    DMA1_Channel6_IRQHandler                 0x08000183   Thumb Code     0  startup_stm32f10x_cl.o(.text)
    DMA1_Channel7_IRQHandler                 0x08000183   Thumb Code     0  startup_stm32f10x_cl.o(.text)
    DMA2_Channel1_IRQHandler                 0x08000183   Thumb Code     0  startup_stm32f10x_cl.o(.text)
    DMA2_Channel2_IRQHandler                 0x08000183   Thumb Code     0  startup_stm32f10x_cl.o(.text)
    DMA2_Channel3_IRQHandler                 0x08000183   Thumb Code     0  startup_stm32f10x_cl.o(.text)
    DMA2_Channel4_IRQHandler                 0x08000183   Thumb Code     0  startup_stm32f10x_cl.o(.text)
    DMA2_Channel5_IRQHandler                 0x08000183   Thumb Code     0  startup_stm32f10x_cl.o(.text)
    ETH_WKUP_IRQHandler                      0x08000183   Thumb Code     0  startup_stm32f10x_cl.o(.text)
    EXTI0_IRQHandler                         0x08000183   Thumb Code     0  startup_stm32f10x_cl.o(.text)
    EXTI15_10_IRQHandler                     0x08000183   Thumb Code     0  startup_stm32f10x_cl.o(.text)
    EXTI1_IRQHandler                         0x08000183   Thumb Code     0  startup_stm32f10x_cl.o(.text)
    EXTI2_IRQHandler                         0x08000183   Thumb Code     0  startup_stm32f10x_cl.o(.text)
    EXTI3_IRQHandler                         0x08000183   Thumb Code     0  startup_stm32f10x_cl.o(.text)
    EXTI9_5_IRQHandler                       0x08000183   Thumb Code     0  startup_stm32f10x_cl.o(.text)
    FLASH_IRQHandler                         0x08000183   Thumb Code     0  startup_stm32f10x_cl.o(.text)
    I2C1_ER_IRQHandler                       0x08000183   Thumb Code     0  startup_stm32f10x_cl.o(.text)
    I2C1_EV_IRQHandler                       0x08000183   Thumb Code     0  startup_stm32f10x_cl.o(.text)
    I2C2_ER_IRQHandler                       0x08000183   Thumb Code     0  startup_stm32f10x_cl.o(.text)
    I2C2_EV_IRQHandler                       0x08000183   Thumb Code     0  startup_stm32f10x_cl.o(.text)
    OTG_FS_IRQHandler                        0x08000183   Thumb Code     0  startup_stm32f10x_cl.o(.text)
    OTG_FS_WKUP_IRQHandler                   0x08000183   Thumb Code     0  startup_stm32f10x_cl.o(.text)
    PVD_IRQHandler                           0x08000183   Thumb Code     0  startup_stm32f10x_cl.o(.text)
    RCC_IRQHandler                           0x08000183   Thumb Code     0  startup_stm32f10x_cl.o(.text)
    RTCAlarm_IRQHandler                      0x08000183   Thumb Code     0  startup_stm32f10x_cl.o(.text)
    RTC_IRQHandler                           0x08000183   Thumb Code     0  startup_stm32f10x_cl.o(.text)
    SPI1_IRQHandler                          0x08000183   Thumb Code     0  startup_stm32f10x_cl.o(.text)
    SPI2_IRQHandler                          0x08000183   Thumb Code     0  startup_stm32f10x_cl.o(.text)
    SPI3_IRQHandler                          0x08000183   Thumb Code     0  startup_stm32f10x_cl.o(.text)
    TAMPER_IRQHandler                        0x08000183   Thumb Code     0  startup_stm32f10x_cl.o(.text)
    TIM1_BRK_IRQHandler                      0x08000183   Thumb Code     0  startup_stm32f10x_cl.o(.text)
    TIM1_CC_IRQHandler                       0x08000183   Thumb Code     0  startup_stm32f10x_cl.o(.text)
    TIM1_TRG_COM_IRQHandler                  0x08000183   Thumb Code     0  startup_stm32f10x_cl.o(.text)
    TIM1_UP_IRQHandler                       0x08000183   Thumb Code     0  startup_stm32f10x_cl.o(.text)
    TIM5_IRQHandler                          0x08000183   Thumb Code     0  startup_stm32f10x_cl.o(.text)
    TIM6_IRQHandler                          0x08000183   Thumb Code     0  startup_stm32f10x_cl.o(.text)
    TIM7_IRQHandler                          0x08000183   Thumb Code     0  startup_stm32f10x_cl.o(.text)
    UART4_IRQHandler                         0x08000183   Thumb Code     0  startup_stm32f10x_cl.o(.text)
    UART5_IRQHandler                         0x08000183   Thumb Code     0  startup_stm32f10x_cl.o(.text)
    USART1_IRQHandler                        0x08000183   Thumb Code     0  startup_stm32f10x_cl.o(.text)
    USART3_IRQHandler                        0x08000183   Thumb Code     0  startup_stm32f10x_cl.o(.text)
    WWDG_IRQHandler                          0x08000183   Thumb Code     0  startup_stm32f10x_cl.o(.text)
    __aeabi_memcpy                           0x0800018d   Thumb Code    36  memcpya.o(.text)
    __aeabi_memcpy4                          0x0800018d   Thumb Code     0  memcpya.o(.text)
    __aeabi_memcpy8                          0x0800018d   Thumb Code     0  memcpya.o(.text)
    __aeabi_fadd                             0x080001b1   Thumb Code   164  fadd.o(.text)
    __aeabi_fsub                             0x08000255   Thumb Code     6  fadd.o(.text)
    __aeabi_frsub                            0x0800025b   Thumb Code     6  fadd.o(.text)
    __aeabi_fmul                             0x08000261   Thumb Code   106  fmul.o(.text)
    __aeabi_fdiv                             0x080002cb   Thumb Code   128  fdiv.o(.text)
    __aeabi_dmul                             0x0800034b   Thumb Code   240  dmul.o(.text)
    __aeabi_i2f                              0x0800043b   Thumb Code    18  fflti.o(.text)
    __aeabi_i2d                              0x0800044d   Thumb Code    34  dflti.o(.text)
    __aeabi_f2uiz                            0x0800046f   Thumb Code    40  ffixui.o(.text)
    __aeabi_d2iz                             0x08000497   Thumb Code    82  dfixi.o(.text)
    __aeabi_f2d                              0x080004e9   Thumb Code    36  f2d.o(.text)
    __aeabi_cfcmpeq                          0x0800050d   Thumb Code     0  cfcmple.o(.text)
    __aeabi_cfcmple                          0x0800050d   Thumb Code    20  cfcmple.o(.text)
    __aeabi_cfrcmple                         0x08000521   Thumb Code    20  cfrcmple.o(.text)
    __aeabi_uidiv                            0x08000535   Thumb Code     0  uidiv.o(.text)
    __aeabi_uidivmod                         0x08000535   Thumb Code    44  uidiv.o(.text)
    __aeabi_uldivmod                         0x08000561   Thumb Code    90  uldiv.o(.text)
    __aeabi_llsr                             0x080005bb   Thumb Code    30  llushr.o(.text)
    _ll_ushift_r                             0x080005bb   Thumb Code     0  llushr.o(.text)
    __I$use$fp                               0x080005d9   Thumb Code     0  iusefp.o(.text)
    _float_round                             0x080005d9   Thumb Code    18  fepilogue.o(.text)
    _float_epilogue                          0x080005eb   Thumb Code    92  fepilogue.o(.text)
    _double_round                            0x08000647   Thumb Code    50  depilogue.o(.text)
    _double_epilogue                         0x08000679   Thumb Code   184  depilogue.o(.text)
    __aeabi_dadd                             0x08000731   Thumb Code   338  dadd.o(.text)
    __aeabi_dsub                             0x08000883   Thumb Code     6  dadd.o(.text)
    __aeabi_drsub                            0x08000889   Thumb Code     6  dadd.o(.text)
    __aeabi_ddiv                             0x0800088f   Thumb Code   280  ddiv.o(.text)
    __aeabi_d2ulz                            0x080009a7   Thumb Code    50  dfixul.o(.text)
    __aeabi_cdrcmple                         0x080009d9   Thumb Code    74  cdrcmple.o(.text)
    __scatterload                            0x08000a25   Thumb Code    28  init.o(.text)
    __scatterload_rt2                        0x08000a25   Thumb Code     0  init.o(.text)
    __aeabi_llsl                             0x08000a49   Thumb Code    32  llshl.o(.text)
    _ll_shift_l                              0x08000a49   Thumb Code     0  llshl.o(.text)
    __aeabi_lasr                             0x08000a69   Thumb Code    34  llsshr.o(.text)
    _ll_sshift_r                             0x08000a69   Thumb Code     0  llsshr.o(.text)
    __I$use$semihosting$fputc                0x08000a8b   Thumb Code     0  iusesemip.o(.text)
    AutoRunPowerAdjTask                      0x08000a8d   Thumb Code    34  pidctrl.o(i.AutoRunPowerAdjTask)
    BusFault_Handler                         0x08000abd   Thumb Code     4  stm32f10x_it.o(i.BusFault_Handler)
    DS1820main                               0x08000ac1   Thumb Code   670  ds18b20srom.o(i.DS1820main)
    DS18B20_ReadBit                          0x08000d75   Thumb Code    58  ds18b20srom.o(i.DS18B20_ReadBit)
    DS18B20_ReadData                         0x08000db5   Thumb Code    32  ds18b20srom.o(i.DS18B20_ReadData)
    DS18B20_ReadDesignateTemper              0x08000dd5   Thumb Code   104  ds18b20srom.o(i.DS18B20_ReadDesignateTemper)
    DS18B20_Reset                            0x08000e45   Thumb Code    94  ds18b20srom.o(i.DS18B20_Reset)
    DS18B20_WriteBit                         0x08000ea9   Thumb Code    48  ds18b20srom.o(i.DS18B20_WriteBit)
    DS18B20_WriteData                        0x08000ed9   Thumb Code    26  ds18b20srom.o(i.DS18B20_WriteData)
    DebugMon_Handler                         0x08000ef3   Thumb Code     2  stm32f10x_it.o(i.DebugMon_Handler)
    Delay_init                               0x08000ef5   Thumb Code    46  ds18b20srom.o(i.Delay_init)
    Delay_ms                                 0x08000f29   Thumb Code    58  ds18b20srom.o(i.Delay_ms)
    Delay_us                                 0x08000f69   Thumb Code    48  ds18b20srom.o(i.Delay_us)
    ETH_DMAClearITPendingBit                 0x08000f9d   Thumb Code     6  stm32_eth.o(i.ETH_DMAClearITPendingBit)
    ETH_GetDMARxDescFrameLength              0x08000fa9   Thumb Code    10  stm32_eth.o(i.ETH_GetDMARxDescFrameLength)
    ETH_GetRxPktSize                         0x08000fb5   Thumb Code    66  stm32_eth.o(i.ETH_GetRxPktSize)
    ETH_IRQHandler                           0x08000ffd   Thumb Code    32  stm32f10x_it.o(i.ETH_IRQHandler)
    ETH_RxPkt_ChainMode                      0x0800101d   Thumb Code   150  ethernetif.o(i.ETH_RxPkt_ChainMode)
    EXTI4_IRQHandler                         0x080010bd   Thumb Code    22  pidctrl.o(i.EXTI4_IRQHandler)
    EXTI_ClearITPendingBit                   0x080010dd   Thumb Code     6  stm32f10x_exti.o(i.EXTI_ClearITPendingBit)
    EXTI_Init                                0x080010e9   Thumb Code   160  stm32f10x_exti.o(i.EXTI_Init)
    FS_Writehtml                             0x08001195   Thumb Code     4  filesystem.o(i.FS_Writehtml)
    GPIO_EXTILineConfig                      0x08001199   Thumb Code    56  stm32f10x_gpio.o(i.GPIO_EXTILineConfig)
    GPIO_Init                                0x080011d5   Thumb Code   272  stm32f10x_gpio.o(i.GPIO_Init)
    GPIO_ReadInputDataBit                    0x080012e5   Thumb Code    18  stm32f10x_gpio.o(i.GPIO_ReadInputDataBit)
    GPIO_ResetBits                           0x080012f7   Thumb Code     4  stm32f10x_gpio.o(i.GPIO_ResetBits)
    GPIO_SetBits                             0x080012fb   Thumb Code     4  stm32f10x_gpio.o(i.GPIO_SetBits)
    HardFault_Handler                        0x080012ff   Thumb Code    10  stm32f10x_it.o(i.HardFault_Handler)
    InitSSR                                  0x08001309   Thumb Code    12  pidctrl.o(i.InitSSR)
    InitTIM                                  0x08001315   Thumb Code   154  main.o(i.InitTIM)
    Init_DS18B20_IO                          0x080013b1   Thumb Code    38  ds18b20srom.o(i.Init_DS18B20_IO)
    InitzeroGPIO                             0x080013dd   Thumb Code   174  pidctrl.o(i.InitzeroGPIO)
    MemManage_Handler                        0x08001495   Thumb Code     4  stm32f10x_it.o(i.MemManage_Handler)
    NMI_Handler                              0x08001499   Thumb Code     2  stm32f10x_it.o(i.NMI_Handler)
    NVIC_Configuration                       0x0800149b   Thumb Code    32  stm32f107.o(i.NVIC_Configuration)
    NVIC_Init                                0x080014bd   Thumb Code   118  misc.o(i.NVIC_Init)
    NVIC_PriorityGroupConfig                 0x08001541   Thumb Code    10  misc.o(i.NVIC_PriorityGroupConfig)
    NVIC_SetVectorTable                      0x0800157d   Thumb Code    12  misc.o(i.NVIC_SetVectorTable)
    PendSV_Handler                           0x08001591   Thumb Code     2  stm32f10x_it.o(i.PendSV_Handler)
    PidThread                                0x08001595   Thumb Code   102  pidctrl.o(i.PidThread)
    RCC_APB1PeriphClockCmd                   0x08001615   Thumb Code    26  stm32f10x_rcc.o(i.RCC_APB1PeriphClockCmd)
    RCC_APB2PeriphClockCmd                   0x08001635   Thumb Code    26  stm32f10x_rcc.o(i.RCC_APB2PeriphClockCmd)
    RCC_GetClocksFreq                        0x08001655   Thumb Code   378  stm32f10x_rcc.o(i.RCC_GetClocksFreq)
    Read_Eth_Packet                          0x080017e1   Thumb Code    72  ethernetif.o(i.Read_Eth_Packet)
    SVC_Handler                              0x08001835   Thumb Code     2  stm32f10x_it.o(i.SVC_Handler)
    Set18b20IOin                             0x08001839   Thumb Code    38  ds18b20srom.o(i.Set18b20IOin)
    Set18b20IOout                            0x08001865   Thumb Code    38  ds18b20srom.o(i.Set18b20IOout)
    Set_Power                                0x08001999   Thumb Code    10  pidctrl.o(i.Set_Power)
    SysTick_Handler                          0x080019a9   Thumb Code     8  stm32f10x_it.o(i.SysTick_Handler)
    SystemInit                               0x080019b1   Thumb Code    92  system_stm32f10x.o(i.SystemInit)
    System_Setup                             0x08001a1d   Thumb Code    92  stm32f107.o(i.System_Setup)
    TIM2_IRQHandler                          0x08001a79   Thumb Code    40  main.o(i.TIM2_IRQHandler)
    TIM3_IRQHandler                          0x08001aa5   Thumb Code    34  porttimer_m.o(i.TIM3_IRQHandler)
    TIM4_IRQHandler                          0x08001acd   Thumb Code    44  pidctrl.o(i.TIM4_IRQHandler)
    TIM_ARRPreloadConfig                     0x08001b01   Thumb Code    24  stm32f10x_tim.o(i.TIM_ARRPreloadConfig)
    TIM_ClearFlag                            0x08001b19   Thumb Code     6  stm32f10x_tim.o(i.TIM_ClearFlag)
    TIM_ClearITPendingBit                    0x08001b1f   Thumb Code     6  stm32f10x_tim.o(i.TIM_ClearITPendingBit)
    TIM_Cmd                                  0x08001b25   Thumb Code    24  stm32f10x_tim.o(i.TIM_Cmd)
    TIM_GetITStatus                          0x08001b3d   Thumb Code    34  stm32f10x_tim.o(i.TIM_GetITStatus)
    TIM_ITConfig                             0x08001b5f   Thumb Code    24  stm32f10x_tim.o(i.TIM_ITConfig)
    TIM_SetCounter                           0x08001b77   Thumb Code     4  stm32f10x_tim.o(i.TIM_SetCounter)
    TIM_TimeBaseInit                         0x08001b7d   Thumb Code   122  stm32f10x_tim.o(i.TIM_TimeBaseInit)
    TemperatureThread                        0x08001c21   Thumb Code    34  ds18b20srom.o(i.TemperatureThread)
    Time_Update                              0x08001c4d   Thumb Code     2  main.o(i.Time_Update)
    Trdelay                                  0x08001c4f   Thumb Code    14  pidctrl.o(i.Trdelay)
    Trigger_SSR_Task                         0x08001c5d   Thumb Code    24  pidctrl.o(i.Trigger_SSR_Task)
    USART2_IRQHandler                        0x08001c79   Thumb Code    50  portserial_m.o(i.USART2_IRQHandler)
    USART_ClearITPendingBit                  0x08001cb1   Thumb Code    30  stm32f10x_usart.o(i.USART_ClearITPendingBit)
    USART_GetITStatus                        0x08001ccf   Thumb Code    84  stm32f10x_usart.o(i.USART_GetITStatus)
    UsageFault_Handler                       0x08001d23   Thumb Code     4  stm32f10x_it.o(i.UsageFault_Handler)
    Write18b20IO                             0x08001d29   Thumb Code    26  ds18b20srom.o(i.Write18b20IO)
    __0printf                                0x08001d49   Thumb Code    22  printfa.o(i.__0printf)
    __1printf                                0x08001d49   Thumb Code     0  printfa.o(i.__0printf)
    __2printf                                0x08001d49   Thumb Code     0  printfa.o(i.__0printf)
    __c89printf                              0x08001d49   Thumb Code     0  printfa.o(i.__0printf)
    printf                                   0x08001d49   Thumb Code     0  printfa.o(i.__0printf)
    __scatterload_copy                       0x08001d69   Thumb Code    14  handlers.o(i.__scatterload_copy)
    __scatterload_null                       0x08001d77   Thumb Code     2  handlers.o(i.__scatterload_null)
    __scatterload_zeroinit                   0x08001d79   Thumb Code    14  handlers.o(i.__scatterload_zeroinit)
    fputc                                    0x0800269d   Thumb Code    16  fputc.o(i.fputc)
    initBta16TMER                            0x080026ad   Thumb Code   150  pidctrl.o(i.initBta16TMER)
    init_PID                                 0x08002749   Thumb Code    24  pidctrl.o(i.init_PID)
    main                                     0x0800276d   Thumb Code    38  main.o(i.main)
    pid_calculate                            0x08002799   Thumb Code   428  pidctrl.o(i.pid_calculate)
    pid_init                                 0x0800296d   Thumb Code    46  pidctrl.o(i.pid_init)
    pid_set                                  0x080029cd   Thumb Code    10  pidctrl.o(i.pid_set)
    Region$$Table$$Base                      0x08002a08   Number         0  anon$$obj.o(Region$$Table)
    Region$$Table$$Limit                     0x08002a28   Number         0  anon$$obj.o(Region$$Table)
    time_run                                 0x20000004   Data           4  ds18b20srom.o(.data)
    TempCreatTrm                             0x20000008   Data           4  ds18b20srom.o(.data)
    Day                                      0x2000000c   Data           2  ds18b20srom.o(.data)
    Count_mail                               0x2000000e   Data           2  ds18b20srom.o(.data)
    Assic                                    0x20000010   Data           6  ds18b20srom.o(.data)
    Temp_pid                                 0x20000018   Data           4  ds18b20srom.o(.data)
    LocalTime                                0x2000001c   Data           4  main.o(.data)
    poll_net_data_lock                       0x20000020   Data           1  main.o(.data)
    timingdelay                              0x20000024   Data           4  main.o(.data)
    DMATxDescToSet                           0x2000003c   Data           4  stm32_eth.o(.data)
    DMARxDescToGet                           0x20000040   Data           4  stm32_eth.o(.data)
    DMAPTPTxDescToSet                        0x20000044   Data           4  stm32_eth.o(.data)
    DMAPTPRxDescToGet                        0x20000048   Data           4  stm32_eth.o(.data)
    pxMBMasterFrameCBByteReceived            0x20000070   Data           4  mb_m.o(.data)
    pxMBMasterFrameCBTransmitterEmpty        0x20000074   Data           4  mb_m.o(.data)
    pxMBMasterPortCBTimerExpired             0x20000078   Data           4  mb_m.o(.data)
    pxMBMasterFrameCBReceiveFSMCur           0x2000007c   Data           4  mb_m.o(.data)
    pxMBMasterFrameCBTransmitFSMCur          0x20000080   Data           4  mb_m.o(.data)
    Interrupt_Extern                         0x20000084   Data           1  pidctrl.o(.data)
    Adj_Power_Time                           0x20000086   Data           2  pidctrl.o(.data)
    Power_Adj                                0x20000088   Data           2  pidctrl.o(.data)
    PidCreatTrm                              0x2000008c   Data           4  pidctrl.o(.data)
    result                                   0x20000090   Data           4  pidctrl.o(.data)
    kj                                       0x20000094   Data           4  pidctrl.o(.data)
    __stdout                                 0x20000098   Data           4  stdout.o(.data)
    temp                                     0x2000009c   Data          33  ds18b20srom.o(.bss)
    ID_Buff                                  0x200000bd   Data          16  ds18b20srom.o(.bss)
    mailsentbox                              0x200000cd   Data          18  ds18b20srom.o(.bss)
    DMARxDscrTab                             0x200000e0   Data          64  ethernetif.o(.bss)
    DMATxDscrTab                             0x20000120   Data          32  ethernetif.o(.bss)
    Rx_Buff                                  0x20000140   Data        6080  ethernetif.o(.bss)
    Tx_Buff                                  0x20001900   Data        3040  ethernetif.o(.bss)
    Eth_Buff                                 0x200024e0   Data        1500  ethernetif.o(.bss)
    frameds                                  0x20002abc   Data          12  ethernetif.o(.bss)
    pid                                      0x20002ac8   Data          40  pidctrl.o(.bss)
    __initial_sp                             0x20002ef0   Data           0  startup_stm32f10x_cl.o(STACK)



==============================================================================

Memory Map of the image

  Image Entry point : 0x08000151

  Load Region LR_IROM1 (Base: 0x08000000, Size: 0x00002ac4, Max: 0x00040000, ABSOLUTE)

    Execution Region ER_IROM1 (Base: 0x08000000, Size: 0x00002a28, Max: 0x00040000, ABSOLUTE)

    Base Addr    Size         Type   Attr      Idx    E Section Name        Object

    0x08000000   0x00000150   Data   RO         6462    RESET               startup_stm32f10x_cl.o
    0x08000150   0x00000000   Code   RO         8450  * .ARM.Collect$$$$00000000  entry.o(mc_w.l)
    0x08000150   0x00000004   Code   RO         8758    .ARM.Collect$$$$00000001  entry2.o(mc_w.l)
    0x08000154   0x00000004   Code   RO         8761    .ARM.Collect$$$$00000004  entry5.o(mc_w.l)
    0x08000158   0x00000008   Code   RO         8762    .ARM.Collect$$$$00000007  entry7.o(mc_w.l)
    0x08000160   0x00000004   Code   RO         8759    .ARM.Collect$$$$00002712  entry2.o(mc_w.l)
    0x08000164   0x00000002   Code   RO          159    .emb_text           stm32f10x_it.o
    0x08000166   0x00000002   PAD
    0x08000168   0x00000024   Code   RO         6463    .text               startup_stm32f10x_cl.o
    0x0800018c   0x00000024   Code   RO         8453    .text               memcpya.o(mc_w.l)
    0x080001b0   0x000000b0   Code   RO         8736    .text               fadd.o(mf_w.l)
    0x08000260   0x0000006a   Code   RO         8738    .text               fmul.o(mf_w.l)
    0x080002ca   0x00000080   Code   RO         8740    .text               fdiv.o(mf_w.l)
    0x0800034a   0x000000f0   Code   RO         8742    .text               dmul.o(mf_w.l)
    0x0800043a   0x00000012   Code   RO         8744    .text               fflti.o(mf_w.l)
    0x0800044c   0x00000022   Code   RO         8746    .text               dflti.o(mf_w.l)
    0x0800046e   0x00000028   Code   RO         8748    .text               ffixui.o(mf_w.l)
    0x08000496   0x00000052   Code   RO         8750    .text               dfixi.o(mf_w.l)
    0x080004e8   0x00000024   Code   RO         8752    .text               f2d.o(mf_w.l)
    0x0800050c   0x00000014   Code   RO         8754    .text               cfcmple.o(mf_w.l)
    0x08000520   0x00000014   Code   RO         8756    .text               cfrcmple.o(mf_w.l)
    0x08000534   0x0000002c   Code   RO         8766    .text               uidiv.o(mc_w.l)
    0x08000560   0x0000005a   Code   RO         8768    .text               uldiv.o(mc_w.l)
    0x080005ba   0x0000001e   Code   RO         8770    .text               llushr.o(mc_w.l)
    0x080005d8   0x00000000   Code   RO         8809    .text               iusefp.o(mc_w.l)
    0x080005d8   0x0000006e   Code   RO         8810    .text               fepilogue.o(mf_w.l)
    0x08000646   0x000000ea   Code   RO         8812    .text               depilogue.o(mf_w.l)
    0x08000730   0x0000015e   Code   RO         8814    .text               dadd.o(mf_w.l)
    0x0800088e   0x00000118   Code   RO         8816    .text               ddiv.o(mf_w.l)
    0x080009a6   0x00000032   Code   RO         8818    .text               dfixul.o(mf_w.l)
    0x080009d8   0x0000004c   Code   RO         8820    .text               cdrcmple.o(mf_w.l)
    0x08000a24   0x00000024   Code   RO         8822    .text               init.o(mc_w.l)
    0x08000a48   0x00000020   Code   RO         8824    .text               llshl.o(mc_w.l)
    0x08000a68   0x00000022   Code   RO         8826    .text               llsshr.o(mc_w.l)
    0x08000a8a   0x00000000   Code   RO         8830    .text               iusesemip.o(mc_w.l)
    0x08000a8a   0x00000002   PAD
    0x08000a8c   0x00000030   Code   RO         8343    i.AutoRunPowerAdjTask  pidctrl.o
    0x08000abc   0x00000004   Code   RO          160    i.BusFault_Handler  stm32f10x_it.o
    0x08000ac0   0x000002b4   Code   RO          771    i.DS1820main        ds18b20srom.o
    0x08000d74   0x00000040   Code   RO          880    i.DS18B20_ReadBit   ds18b20srom.o
    0x08000db4   0x00000020   Code   RO          773    i.DS18B20_ReadData  ds18b20srom.o
    0x08000dd4   0x00000070   Code   RO          774    i.DS18B20_ReadDesignateTemper  ds18b20srom.o
    0x08000e44   0x00000064   Code   RO          776    i.DS18B20_Reset     ds18b20srom.o
    0x08000ea8   0x00000030   Code   RO          778    i.DS18B20_WriteBit  ds18b20srom.o
    0x08000ed8   0x0000001a   Code   RO          779    i.DS18B20_WriteData  ds18b20srom.o
    0x08000ef2   0x00000002   Code   RO          161    i.DebugMon_Handler  stm32f10x_it.o
    0x08000ef4   0x00000034   Code   RO          780    i.Delay_init        ds18b20srom.o
    0x08000f28   0x00000040   Code   RO          781    i.Delay_ms          ds18b20srom.o
    0x08000f68   0x00000034   Code   RO          782    i.Delay_us          ds18b20srom.o
    0x08000f9c   0x0000000c   Code   RO         4224    i.ETH_DMAClearITPendingBit  stm32_eth.o
    0x08000fa8   0x0000000a   Code   RO         4263    i.ETH_GetDMARxDescFrameLength  stm32_eth.o
    0x08000fb2   0x00000002   PAD
    0x08000fb4   0x00000048   Code   RO         4278    i.ETH_GetRxPktSize  stm32_eth.o
    0x08000ffc   0x00000020   Code   RO          162    i.ETH_IRQHandler    stm32f10x_it.o
    0x0800101c   0x000000a0   Code   RO         6378    i.ETH_RxPkt_ChainMode  ethernetif.o
    0x080010bc   0x00000020   Code   RO         8344    i.EXTI4_IRQHandler  pidctrl.o
    0x080010dc   0x0000000c   Code   RO         1981    i.EXTI_ClearITPendingBit  stm32f10x_exti.o
    0x080010e8   0x000000ac   Code   RO         1986    i.EXTI_Init         stm32f10x_exti.o
    0x08001194   0x00000004   Code   RO          461    i.FS_Writehtml      filesystem.o
    0x08001198   0x0000003c   Code   RO         2334    i.GPIO_EXTILineConfig  stm32f10x_gpio.o
    0x080011d4   0x00000110   Code   RO         2337    i.GPIO_Init         stm32f10x_gpio.o
    0x080012e4   0x00000012   Code   RO         2341    i.GPIO_ReadInputDataBit  stm32f10x_gpio.o
    0x080012f6   0x00000004   Code   RO         2344    i.GPIO_ResetBits    stm32f10x_gpio.o
    0x080012fa   0x00000004   Code   RO         2345    i.GPIO_SetBits      stm32f10x_gpio.o
    0x080012fe   0x0000000a   Code   RO          163    i.HardFault_Handler  stm32f10x_it.o
    0x08001308   0x0000000c   Code   RO         8345    i.InitSSR           pidctrl.o
    0x08001314   0x0000009a   Code   RO         1118    i.InitTIM           main.o
    0x080013ae   0x00000002   PAD
    0x080013b0   0x0000002c   Code   RO          783    i.Init_DS18B20_IO   ds18b20srom.o
    0x080013dc   0x000000b8   Code   RO         8346    i.InitzeroGPIO      pidctrl.o
    0x08001494   0x00000004   Code   RO          164    i.MemManage_Handler  stm32f10x_it.o
    0x08001498   0x00000002   Code   RO          165    i.NMI_Handler       stm32f10x_it.o
    0x0800149a   0x00000020   Code   RO          239    i.NVIC_Configuration  stm32f107.o
    0x080014ba   0x00000002   PAD
    0x080014bc   0x00000084   Code   RO         1162    i.NVIC_Init         misc.o
    0x08001540   0x00000014   Code   RO         1163    i.NVIC_PriorityGroupConfig  misc.o
    0x08001554   0x00000028   Code   RO          240    i.NVIC_SetPriority  stm32f107.o
    0x0800157c   0x00000014   Code   RO         1164    i.NVIC_SetVectorTable  misc.o
    0x08001590   0x00000002   Code   RO          166    i.PendSV_Handler    stm32f10x_it.o
    0x08001592   0x00000002   PAD
    0x08001594   0x00000080   Code   RO         8347    i.PidThread         pidctrl.o
    0x08001614   0x00000020   Code   RO         2760    i.RCC_APB1PeriphClockCmd  stm32f10x_rcc.o
    0x08001634   0x00000020   Code   RO         2762    i.RCC_APB2PeriphClockCmd  stm32f10x_rcc.o
    0x08001654   0x0000018c   Code   RO         2770    i.RCC_GetClocksFreq  stm32f10x_rcc.o
    0x080017e0   0x00000054   Code   RO         6380    i.Read_Eth_Packet   ethernetif.o
    0x08001834   0x00000002   Code   RO          167    i.SVC_Handler       stm32f10x_it.o
    0x08001836   0x00000002   PAD
    0x08001838   0x0000002c   Code   RO          784    i.Set18b20IOin      ds18b20srom.o
    0x08001864   0x0000002c   Code   RO          785    i.Set18b20IOout     ds18b20srom.o
    0x08001890   0x00000008   Code   RO         6467    i.SetSysClock       system_stm32f10x.o
    0x08001898   0x00000100   Code   RO         6468    i.SetSysClockTo72   system_stm32f10x.o
    0x08001998   0x00000010   Code   RO         8348    i.Set_Power         pidctrl.o
    0x080019a8   0x00000008   Code   RO          168    i.SysTick_Handler   stm32f10x_it.o
    0x080019b0   0x0000006c   Code   RO         6470    i.SystemInit        system_stm32f10x.o
    0x08001a1c   0x0000005c   Code   RO          241    i.System_Setup      stm32f107.o
    0x08001a78   0x0000002c   Code   RO         1119    i.TIM2_IRQHandler   main.o
    0x08001aa4   0x00000028   Code   RO         8198    i.TIM3_IRQHandler   porttimer_m.o
    0x08001acc   0x00000034   Code   RO         8349    i.TIM4_IRQHandler   pidctrl.o
    0x08001b00   0x00000018   Code   RO         3441    i.TIM_ARRPreloadConfig  stm32f10x_tim.o
    0x08001b18   0x00000006   Code   RO         3447    i.TIM_ClearFlag     stm32f10x_tim.o
    0x08001b1e   0x00000006   Code   RO         3448    i.TIM_ClearITPendingBit  stm32f10x_tim.o
    0x08001b24   0x00000018   Code   RO         3453    i.TIM_Cmd           stm32f10x_tim.o
    0x08001b3c   0x00000022   Code   RO         3474    i.TIM_GetITStatus   stm32f10x_tim.o
    0x08001b5e   0x00000018   Code   RO         3478    i.TIM_ITConfig      stm32f10x_tim.o
    0x08001b76   0x00000004   Code   RO         3518    i.TIM_SetCounter    stm32f10x_tim.o
    0x08001b7a   0x00000002   PAD
    0x08001b7c   0x000000a4   Code   RO         3524    i.TIM_TimeBaseInit  stm32f10x_tim.o
    0x08001c20   0x0000002c   Code   RO          786    i.TemperatureThread  ds18b20srom.o
    0x08001c4c   0x00000002   Code   RO         1120    i.Time_Update       main.o
    0x08001c4e   0x0000000e   Code   RO         8350    i.Trdelay           pidctrl.o
    0x08001c5c   0x0000001c   Code   RO         8351    i.Trigger_SSR_Task  pidctrl.o
    0x08001c78   0x00000038   Code   RO         8247    i.USART2_IRQHandler  portserial_m.o
    0x08001cb0   0x0000001e   Code   RO         3986    i.USART_ClearITPendingBit  stm32f10x_usart.o
    0x08001cce   0x00000054   Code   RO         3993    i.USART_GetITStatus  stm32f10x_usart.o
    0x08001d22   0x00000004   Code   RO          169    i.UsageFault_Handler  stm32f10x_it.o
    0x08001d26   0x00000002   PAD
    0x08001d28   0x00000020   Code   RO          787    i.Write18b20IO      ds18b20srom.o
    0x08001d48   0x00000020   Code   RO         8706    i.__0printf         printfa.o(mc_w.l)
    0x08001d68   0x0000000e   Code   RO         8833    i.__scatterload_copy  handlers.o(mc_w.l)
    0x08001d76   0x00000002   Code   RO         8834    i.__scatterload_null  handlers.o(mc_w.l)
    0x08001d78   0x0000000e   Code   RO         8835    i.__scatterload_zeroinit  handlers.o(mc_w.l)
    0x08001d86   0x00000002   PAD
    0x08001d88   0x000001a0   Code   RO         8713    i._fp_digits        printfa.o(mc_w.l)
    0x08001f28   0x00000720   Code   RO         8714    i._printf_core      printfa.o(mc_w.l)
    0x08002648   0x00000026   Code   RO         8715    i._printf_post_padding  printfa.o(mc_w.l)
    0x0800266e   0x0000002e   Code   RO         8716    i._printf_pre_padding  printfa.o(mc_w.l)
    0x0800269c   0x00000010   Code   RO         8763    i.fputc             fputc.o(mc_w.l)
    0x080026ac   0x0000009c   Code   RO         8352    i.initBta16TMER     pidctrl.o
    0x08002748   0x00000024   Code   RO         8353    i.init_PID          pidctrl.o
    0x0800276c   0x0000002c   Code   RO         1121    i.main              main.o
    0x08002798   0x000001d4   Code   RO         8354    i.pid_calculate     pidctrl.o
    0x0800296c   0x00000060   Code   RO         8356    i.pid_init          pidctrl.o
    0x080029cc   0x0000000a   Code   RO         8357    i.pid_set           pidctrl.o
    0x080029d6   0x00000002   PAD
    0x080029d8   0x00000010   Code   RO         8199    i.prvvTIMERExpiredISR  porttimer_m.o
    0x080029e8   0x00000010   Code   RO         8248    i.prvvUARTRxISR     portserial_m.o
    0x080029f8   0x00000010   Code   RO         8249    i.prvvUARTTxReadyISR  portserial_m.o
    0x08002a08   0x00000020   Data   RO         8831    Region$$Table       anon$$obj.o


    Execution Region RW_IRAM1 (Base: 0x20000000, Size: 0x00002ef0, Max: 0x00010000, ABSOLUTE)

    Base Addr    Size         Type   Attr      Idx    E Section Name        Object

    0x20000000   0x0000001c   Data   RW          789    .data               ds18b20srom.o
    0x2000001c   0x0000000c   Data   RW         1122    .data               main.o
    0x20000028   0x00000014   Data   RW         2798    .data               stm32f10x_rcc.o
    0x2000003c   0x00000010   Data   RW         4322    .data               stm32_eth.o
    0x2000004c   0x00000038   Data   RW         7929    .data               mb_m.o
    0x20000084   0x00000014   Data   RW         8359    .data               pidctrl.o
    0x20000098   0x00000004   Data   RW         8765    .data               stdout.o(mc_w.l)
    0x2000009c   0x00000043   Zero   RW          788    .bss                ds18b20srom.o
    0x200000df   0x00000001   PAD
    0x200000e0   0x000029e8   Zero   RW         6387    .bss                ethernetif.o
    0x20002ac8   0x00000028   Zero   RW         8358    .bss                pidctrl.o
    0x20002af0   0x00000400   Zero   RW         6460    STACK               startup_stm32f10x_cl.o


==============================================================================

Image component sizes


      Code (inc. data)   RO Data    RW Data    ZI Data      Debug   Object Name

      1450         92          0         28         67     237145   ds18b20srom.o
       244         22          0          0      10728       3012   ethernetif.o
         4          0          0          0          0        523   filesystem.o
       244         10          0         12          0       3140   main.o
         0          0          0         56          0       6813   mb_m.o
       172         32          0          0          0       2121   misc.o
         0          0          0          0          0     281947   netconf.o
      1280        186          0         20         40       8174   pidctrl.o
        88         18          0          0          0       1368   portserial_m.o
        56         12          0          0          0        922   porttimer_m.o
        36          8        336          0       1024        588   startup_stm32f10x_cl.o
        94         12          0         16          0       2924   stm32_eth.o
       164          8          0          0          0      16615   stm32f107.o
       184         18          0          0          0       1537   stm32f10x_exti.o
       358          4          0          0          0       4314   stm32f10x_gpio.o
        72          0          0          0          0      36619   stm32f10x_it.o
       460         30          0         20          0       5262   stm32f10x_rcc.o
       286         42          0          0          0       5278   stm32f10x_tim.o
       114          0          0          0          0       2862   stm32f10x_usart.o
       372         32          0          0          0       2141   system_stm32f10x.o

    ----------------------------------------------------------------------
      5696        526        368        152      11860     623305   Object Totals
         0          0         32          0          0          0   (incl. Generated)
        18          0          0          0          1          1   (incl. Padding)

    ----------------------------------------------------------------------

      Code (inc. data)   RO Data    RW Data    ZI Data      Debug   Library Member Name

        76          2          0          0          0         68   cdrcmple.o
        20          0          0          0          0         68   cfcmple.o
        20          0          0          0          0         68   cfrcmple.o
       350          0          0          0          0        148   dadd.o
       280          0          0          0          0        124   ddiv.o
       234          0          0          0          0        128   depilogue.o
        82          0          0          0          0         80   dfixi.o
        50          0          0          0          0         68   dfixul.o
        34          0          0          0          0         76   dflti.o
       240          0          0          0          0         96   dmul.o
         0          0          0          0          0          0   entry.o
         8          4          0          0          0          0   entry2.o
         4          0          0          0          0          0   entry5.o
         8          4          0          0          0          0   entry7.o
        36          0          0          0          0         68   f2d.o
       176          0          0          0          0        136   fadd.o
       128          0          0          0          0         88   fdiv.o
       110          0          0          0          0        164   fepilogue.o
        40          0          0          0          0         68   ffixui.o
        18          0          0          0          0         68   fflti.o
       106          0          0          0          0         76   fmul.o
        16          0          0          0          0         76   fputc.o
        30          0          0          0          0          0   handlers.o
        36          8          0          0          0         68   init.o
         0          0          0          0          0          0   iusefp.o
         0          0          0          0          0          0   iusesemip.o
        32          0          0          0          0         68   llshl.o
        34          0          0          0          0         68   llsshr.o
        30          0          0          0          0         68   llushr.o
        36          0          0          0          0         68   memcpya.o
      2356        106          0          0          0        444   printfa.o
         0          0          0          4          0          0   stdout.o
        44          0          0          0          0         76   uidiv.o
        90          0          0          0          0         88   uldiv.o

    ----------------------------------------------------------------------
      4728        124          0          4          0       2616   Library Totals
         4          0          0          0          0          0   (incl. Padding)

    ----------------------------------------------------------------------

      Code (inc. data)   RO Data    RW Data    ZI Data      Debug   Library Name

      2724        122          0          4          0       1024   mc_w.l
      2000          2          0          0          0       1592   mf_w.l

    ----------------------------------------------------------------------
      4728        124          0          4          0       2616   Library Totals

    ----------------------------------------------------------------------

==============================================================================


      Code (inc. data)   RO Data    RW Data    ZI Data      Debug   

     10424        650        368        156      11860     620472   Grand Totals
     10424        650        368        156      11860     620472   ELF Image Totals
     10424        650        368        156          0          0   ROM Totals

==============================================================================

    Total RO  Size (Code + RO Data)                10792 (  10.54kB)
    Total RW  Size (RW Data + ZI Data)             12016 (  11.73kB)
    Total ROM Size (Code + RO Data + RW Data)      10948 (  10.69kB)

==============================================================================

